Component: ARM Compiler 5.05 update 1 (build 106) Tool: armlink [4d0efa]

==============================================================================

Section Cross References

    main.o(i.app_task_esp8266) refers to main.o(i.dgb_printf_safe) for dgb_printf_safe
    main.o(i.app_task_esp8266) refers to delay.o(i.delay_ms) for delay_ms
    main.o(i.app_task_esp8266) refers to esp8266_mqtt.o(i.esp8266_mqtt_init) for esp8266_mqtt_init
    main.o(i.app_task_esp8266) refers to beep.o(i.beep_on) for beep_on
    main.o(i.app_task_esp8266) refers to beep.o(i.beep_off) for beep_off
    main.o(i.app_task_esp8266) refers to __2printf.o(.text) for __2printf
    main.o(i.app_task_esp8266) refers to tasks.o(i.vTaskResume) for vTaskResume
    main.o(i.app_task_esp8266) refers to queue.o(i.xQueueReceive) for xQueueReceive
    main.o(i.app_task_esp8266) refers to main.o(.data) for .data
    main.o(i.app_task_finger) refers to delay.o(i.delay_ms) for delay_ms
    main.o(i.app_task_finger) refers to main.o(i.dgb_printf_safe) for dgb_printf_safe
    main.o(i.app_task_finger) refers to sfm.o(i.sfm_init) for sfm_init
    main.o(i.app_task_finger) refers to beep.o(i.beep_on) for beep_on
    main.o(i.app_task_finger) refers to beep.o(i.beep_off) for beep_off
    main.o(i.app_task_finger) refers to sfm.o(i.sfm_get_user_total) for sfm_get_user_total
    main.o(i.app_task_finger) refers to key.o(i.key_sta_get) for key_sta_get
    main.o(i.app_task_finger) refers to sfm.o(i.sfm_ctrl_led) for sfm_ctrl_led
    main.o(i.app_task_finger) refers to sfm.o(i.sfm_touch_check) for sfm_touch_check
    main.o(i.app_task_finger) refers to sfm.o(i.sfm_get_unused_id) for sfm_get_unused_id
    main.o(i.app_task_finger) refers to sfm.o(i.sfm_error_code) for sfm_error_code
    main.o(i.app_task_finger) refers to sfm.o(i.sfm_reg_user) for sfm_reg_user
    main.o(i.app_task_finger) refers to sfm.o(i.sfm_compare_users) for sfm_compare_users
    main.o(i.app_task_finger) refers to __2printf.o(.text) for __2printf
    main.o(i.app_task_finger) refers to tasks.o(i.vTaskDelay) for vTaskDelay
    main.o(i.app_task_finger) refers to sfm.o(i.sfm_del_user_all) for sfm_del_user_all
    main.o(i.app_task_finger) refers to main.o(.data) for .data
    main.o(i.app_task_flash) refers to _printf_percent.o(.ARM.Collect$$_printf_percent$$00000000) for _printf_percent
    main.o(i.app_task_flash) refers to _printf_x.o(.ARM.Collect$$_printf_percent$$0000000C) for _printf_x
    main.o(i.app_task_flash) refers to _printf_hex_int_ll_ptr.o(.text) for _printf_longlong_hex
    main.o(i.app_task_flash) refers to _printf_s.o(.ARM.Collect$$_printf_percent$$00000014) for _printf_s
    main.o(i.app_task_flash) refers to _printf_str.o(.text) for _printf_str
    main.o(i.app_task_flash) refers to _printf_c.o(.ARM.Collect$$_printf_percent$$00000013) for _printf_c
    main.o(i.app_task_flash) refers to rt_memclr_w.o(.text) for __aeabi_memclr4
    main.o(i.app_task_flash) refers to flash.o(i.Flash_ReadID) for Flash_ReadID
    main.o(i.app_task_flash) refers to __2printf.o(.text) for __2printf
    main.o(i.app_task_flash) refers to delay.o(i.delay_ms) for delay_ms
    main.o(i.app_task_flash) refers to flash.o(i.Flash_ReadData) for Flash_ReadData
    main.o(i.app_task_flash) refers to rt_memcpy_v6.o(.text) for __aeabi_memcpy
    main.o(i.app_task_flash) refers to beep.o(i.beep_on) for beep_on
    main.o(i.app_task_flash) refers to beep.o(i.beep_off) for beep_off
    main.o(i.app_task_flash) refers to flash.o(i.Flash_SectorErase) for Flash_SectorErase
    main.o(i.app_task_flash) refers to flash.o(i.Flash_PageProgram) for Flash_PageProgram
    main.o(i.app_task_flash) refers to main.o(.bss) for .bss
    main.o(i.app_task_flash) refers to main.o(.data) for .data
    main.o(i.app_task_init) refers to led.o(i.led_init) for led_init
    main.o(i.app_task_init) refers to beep.o(i.beep_init) for beep_init
    main.o(i.app_task_init) refers to key.o(i.key_init) for key_init
    main.o(i.app_task_init) refers to oled.o(i.OLED_Init) for OLED_Init
    main.o(i.app_task_init) refers to dht11.o(i.dht11_init) for dht11_init
    main.o(i.app_task_init) refers to pwm.o(i.sg_init) for sg_init
    main.o(i.app_task_init) refers to matrixkey.o(i.key_board_init) for key_board_init
    main.o(i.app_task_init) refers to flash.o(i.Flash_config) for Flash_config
    main.o(i.app_task_init) refers to iwd.o(i.IWDG_Start) for IWDG_Start
    main.o(i.app_task_init) refers to queue.o(i.xQueueCreateMutex) for xQueueCreateMutex
    main.o(i.app_task_init) refers to event_groups.o(i.xEventGroupCreate) for xEventGroupCreate
    main.o(i.app_task_init) refers to queue.o(i.xQueueGenericCreate) for xQueueGenericCreate
    main.o(i.app_task_init) refers to tasks.o(i.xTaskCreate) for xTaskCreate
    main.o(i.app_task_init) refers to tasks.o(i.vTaskDelete) for vTaskDelete
    main.o(i.app_task_init) refers to main.o(.data) for .data
    main.o(i.app_task_init) refers to main.o(i.app_task_key) for app_task_key
[...]
    __rt_entry_postli_1                      0x080002ff   Thumb Code     0  __rtentry2.o(.ARM.Collect$$rtentry$$0000000C)
    __rt_exit                                0x08000307   Thumb Code     0  rtexit.o(.ARM.Collect$$rtexit$$00000000)
    __rt_exit_ls                             0x08000309   Thumb Code     0  rtexit2.o(.ARM.Collect$$rtexit$$00000003)
    __rt_exit_prels_1                        0x08000309   Thumb Code     0  rtexit2.o(.ARM.Collect$$rtexit$$00000002)
    __rt_exit_exit                           0x0800030d   Thumb Code     0  rtexit2.o(.ARM.Collect$$rtexit$$00000004)
    SVC_Handler                              0x08000315   Thumb Code    28  port.o(.emb_text)
    __asm___6_port_c_39a90d8d__prvStartFirstTask 0x08000335   Thumb Code    36  port.o(.emb_text)
    __asm___6_port_c_39a90d8d__prvEnableVFP  0x0800035d   Thumb Code    16  port.o(.emb_text)
    PendSV_Handler                           0x08000371   Thumb Code    88  port.o(.emb_text)
    vPortGetIPSR                             0x080003cd   Thumb Code     6  port.o(.emb_text)
    Reset_Handler                            0x080003d5   Thumb Code     8  startup_stm32f40_41xxx.o(.text)
    ADC_IRQHandler                           0x080003ef   Thumb Code     0  startup_stm32f40_41xxx.o(.text)
    CAN1_RX0_IRQHandler                      0x080003ef   Thumb Code     0  startup_stm32f40_41xxx.o(.text)
    CAN1_RX1_IRQHandler                      0x080003ef   Thumb Code     0  startup_stm32f40_41xxx.o(.text)
    CAN1_SCE_IRQHandler                      0x080003ef   Thumb Code     0  startup_stm32f40_41xxx.o(.text)
    CAN1_TX_IRQHandler                       0x080003ef   Thumb Code     0  startup_stm32f40_41xxx.o(.text)
    CAN2_RX0_IRQHandler                      0x080003ef   Thumb Code     0  startup_stm32f40_41xxx.o(.text)
    CAN2_RX1_IRQHandler                      0x080003ef   Thumb Code     0  startup_stm32f40_41xxx.o(.text)
    CAN2_SCE_IRQHandler                      0x080003ef   Thumb Code     0  startup_stm32f40_41xxx.o(.text)
    CAN2_TX_IRQHandler                       0x080003ef   Thumb Code     0  startup_stm32f40_41xxx.o(.text)
    CRYP_IRQHandler                          0x080003ef   Thumb Code     0  startup_stm32f40_41xxx.o(.text)
    DCMI_IRQHandler                          0x080003ef   Thumb Code     0  startup_stm32f40_41xxx.o(.text)
    DMA1_Stream0_IRQHandler                  0x080003ef   Thumb Code     0  startup_stm32f40_41xxx.o(.text)
    DMA1_Stream1_IRQHandler                  0x080003ef   Thumb Code     0  startup_stm32f40_41xxx.o(.text)
    DMA1_Stream2_IRQHandler                  0x080003ef   Thumb Code     0  startup_stm32f40_41xxx.o(.text)
    DMA1_Stream3_IRQHandler                  0x080003ef   Thumb Code     0  startup_stm32f40_41xxx.o(.text)
    DMA1_Stream4_IRQHandler                  0x080003ef   Thumb Code     0  startup_stm32f40_41xxx.o(.text)
    DMA1_Stream5_IRQHandler                  0x080003ef   Thumb Code     0  startup_stm32f40_41xxx.o(.text)
    DMA1_Stream6_IRQHandler                  0x080003ef   Thumb Code     0  startup_stm32f40_41xxx.o(.text)
    DMA1_Stream7_IRQHandler                  0x080003ef   Thumb Code     0  startup_stm32f40_41xxx.o(.text)
    DMA2_Stream0_IRQHandler                  0x080003ef   Thumb Code     0  startup_stm32f40_41xxx.o(.text)
    DMA2_Stream1_IRQHandler                  0x080003ef   Thumb Code     0  startup_stm32f40_41xxx.o(.text)
    DMA2_Stream2_IRQHandler                  0x080003ef   Thumb Code     0  startup_stm32f40_41xxx.o(.text)
    DMA2_Stream3_IRQHandler                  0x080003ef   Thumb Code     0  startup_stm32f40_41xxx.o(.text)
    DMA2_Stream4_IRQHandler                  0x080003ef   Thumb Code     0  startup_stm32f40_41xxx.o(.text)
    DMA2_Stream5_IRQHandler                  0x080003ef   Thumb Code     0  startup_stm32f40_41xxx.o(.text)
    DMA2_Stream6_IRQHandler                  0x080003ef   Thumb Code     0  startup_stm32f40_41xxx.o(.text)
    DMA2_Stream7_IRQHandler                  0x080003ef   Thumb Code     0  startup_stm32f40_41xxx.o(.text)
    ETH_IRQHandler                           0x080003ef   Thumb Code     0  startup_stm32f40_41xxx.o(.text)
    ETH_WKUP_IRQHandler                      0x080003ef   Thumb Code     0  startup_stm32f40_41xxx.o(.text)
    EXTI15_10_IRQHandler                     0x080003ef   Thumb Code     0  startup_stm32f40_41xxx.o(.text)
    EXTI1_IRQHandler                         0x080003ef   Thumb Code     0  startup_stm32f40_41xxx.o(.text)
    EXTI9_5_IRQHandler                       0x080003ef   Thumb Code     0  startup_stm32f40_41xxx.o(.text)
    FLASH_IRQHandler                         0x080003ef   Thumb Code     0  startup_stm32f40_41xxx.o(.text)
    FPU_IRQHandler                           0x080003ef   Thumb Code     0  startup_stm32f40_41xxx.o(.text)
    FSMC_IRQHandler                          0x080003ef   Thumb Code     0  startup_stm32f40_41xxx.o(.text)
    HASH_RNG_IRQHandler                      0x080003ef   Thumb Code     0  startup_stm32f40_41xxx.o(.text)
    I2C1_ER_IRQHandler                       0x080003ef   Thumb Code     0  startup_stm32f40_41xxx.o(.text)
    I2C1_EV_IRQHandler                       0x080003ef   Thumb Code     0  startup_stm32f40_41xxx.o(.text)
    I2C2_ER_IRQHandler                       0x080003ef   Thumb Code     0  startup_stm32f40_41xxx.o(.text)
    I2C2_EV_IRQHandler                       0x080003ef   Thumb Code     0  startup_stm32f40_41xxx.o(.text)
    I2C3_ER_IRQHandler                       0x080003ef   Thumb Code     0  startup_stm32f40_41xxx.o(.text)
    I2C3_EV_IRQHandler                       0x080003ef   Thumb Code     0  startup_stm32f40_41xxx.o(.text)
    OTG_FS_IRQHandler                        0x080003ef   Thumb Code     0  startup_stm32f40_41xxx.o(.text)
    OTG_FS_WKUP_IRQHandler                   0x080003ef   Thumb Code     0  startup_stm32f40_41xxx.o(.text)
    OTG_HS_EP1_IN_IRQHandler                 0x080003ef   Thumb Code     0  startup_stm32f40_41xxx.o(.text)
    OTG_HS_EP1_OUT_IRQHandler                0x080003ef   Thumb Code     0  startup_stm32f40_41xxx.o(.text)
    OTG_HS_IRQHandler                        0x080003ef   Thumb Code     0  startup_stm32f40_41xxx.o(.text)
    OTG_HS_WKUP_IRQHandler                   0x080003ef   Thumb Code     0  startup_stm32f40_41xxx.o(.text)
    PVD_IRQHandler                           0x080003ef   Thumb Code     0  startup_stm32f40_41xxx.o(.text)
    RCC_IRQHandler                           0x080003ef   Thumb Code     0  startup_stm32f40_41xxx.o(.text)
    RTC_Alarm_IRQHandler                     0x080003ef   Thumb Code     0  startup_stm32f40_41xxx.o(.text)
    RTC_WKUP_IRQHandler                      0x080003ef   Thumb Code     0  startup_stm32f40_41xxx.o(.text)
    SDIO_IRQHandler                          0x080003ef   Thumb Code     0  startup_stm32f40_41xxx.o(.text)
    SPI1_IRQHandler                          0x080003ef   Thumb Code     0  startup_stm32f40_41xxx.o(.text)
    SPI2_IRQHandler                          0x080003ef   Thumb Code     0  startup_stm32f40_41xxx.o(.text)
    SPI3_IRQHandler                          0x080003ef   Thumb Code     0  startup_stm32f40_41xxx.o(.text)
    TAMP_STAMP_IRQHandler                    0x080003ef   Thumb Code     0  startup_stm32f40_41xxx.o(.text)
    TIM1_BRK_TIM9_IRQHandler                 0x080003ef   Thumb Code     0  startup_stm32f40_41xxx.o(.text)
    TIM1_CC_IRQHandler                       0x080003ef   Thumb Code     0  startup_stm32f40_41xxx.o(.text)
    TIM1_TRG_COM_TIM11_IRQHandler            0x080003ef   Thumb Code     0  startup_stm32f40_41xxx.o(.text)
    TIM1_UP_TIM10_IRQHandler                 0x080003ef   Thumb Code     0  startup_stm32f40_41xxx.o(.text)
    TIM2_IRQHandler                          0x080003ef   Thumb Code     0  startup_stm32f40_41xxx.o(.text)
    TIM3_IRQHandler                          0x080003ef   Thumb Code     0  startup_stm32f40_41xxx.o(.text)
    TIM4_IRQHandler                          0x080003ef   Thumb Code     0  startup_stm32f40_41xxx.o(.text)
    TIM5_IRQHandler                          0x080003ef   Thumb Code     0  startup_stm32f40_41xxx.o(.text)
    TIM6_DAC_IRQHandler                      0x080003ef   Thumb Code     0  startup_stm32f40_41xxx.o(.text)
    TIM7_IRQHandler                          0x080003ef   Thumb Code     0  startup_stm32f40_41xxx.o(.text)
    TIM8_BRK_TIM12_IRQHandler                0x080003ef   Thumb Code     0  startup_stm32f40_41xxx.o(.text)
    TIM8_CC_IRQHandler                       0x080003ef   Thumb Code     0  startup_stm32f40_41xxx.o(.text)
    TIM8_TRG_COM_TIM14_IRQHandler            0x080003ef   Thumb Code     0  startup_stm32f40_41xxx.o(.text)
    TIM8_UP_TIM13_IRQHandler                 0x080003ef   Thumb Code     0  startup_stm32f40_41xxx.o(.text)
    UART4_IRQHandler                         0x080003ef   Thumb Code     0  startup_stm32f40_41xxx.o(.text)
    UART5_IRQHandler                         0x080003ef   Thumb Code     0  startup_stm32f40_41xxx.o(.text)
    USART6_IRQHandler                        0x080003ef   Thumb Code     0  startup_stm32f40_41xxx.o(.text)
    WWDG_IRQHandler                          0x080003ef   Thumb Code     0  startup_stm32f40_41xxx.o(.text)
    __user_initial_stackheap                 0x080003f1   Thumb Code     0  startup_stm32f40_41xxx.o(.text)
    __use_no_semihosting                     0x08000415   Thumb Code     2  use_no_semi_2.o(.text)
    __c89vprintf                             0x08000419   Thumb Code     8  c89vprintf.o(.text)
    __2printf                                0x08000425   Thumb Code    20  __2printf.o(.text)
    __2sprintf                               0x0800043d   Thumb Code    38  __2sprintf.o(.text)
    _printf_str                              0x08000469   Thumb Code    82  _printf_str.o(.text)
    _printf_int_dec                          0x080004bd   Thumb Code   104  _printf_dec.o(.text)
    _printf_longlong_hex                     0x08000535   Thumb Code    86  _printf_hex_int_ll_ptr.o(.text)
    _printf_int_hex                          0x0800058b   Thumb Code    28  _printf_hex_int_ll_ptr.o(.text)
    _printf_ll_hex                           0x080005a7   Thumb Code    12  _printf_hex_int_ll_ptr.o(.text)
    _printf_hex_ptr                          0x080005b3   Thumb Code    18  _printf_hex_int_ll_ptr.o(.text)
    __printf                                 0x080005c9   Thumb Code   388  __printf_flags_ss_wp.o(.text)
    strstr                                   0x08000751   Thumb Code    36  strstr.o(.text)
    strlen                                   0x08000775   Thumb Code    62  strlen.o(.text)
    __aeabi_memcpy                           0x080007b3   Thumb Code     0  rt_memcpy_v6.o(.text)
    __rt_memcpy                              0x080007b3   Thumb Code   138  rt_memcpy_v6.o(.text)
    _memcpy_lastbytes                        0x08000819   Thumb Code     0  rt_memcpy_v6.o(.text)
    __aeabi_memset                           0x0800083d   Thumb Code    16  aeabi_memset.o(.text)
    __aeabi_memclr                           0x0800084d   Thumb Code     0  rt_memclr.o(.text)
    __rt_memclr                              0x0800084d   Thumb Code    68  rt_memclr.o(.text)
    _memset                                  0x08000851   Thumb Code     0  rt_memclr.o(.text)
    __aeabi_memclr4                          0x08000891   Thumb Code     0  rt_memclr_w.o(.text)
    __aeabi_memclr8                          0x08000891   Thumb Code     0  rt_memclr_w.o(.text)
    __rt_memclr_w                            0x08000891   Thumb Code    78  rt_memclr_w.o(.text)
    _memset_w                                0x08000895   Thumb Code     0  rt_memclr_w.o(.text)
    strcmp                                   0x080008e1   Thumb Code   128  strcmpv7m.o(.text)
    __use_two_region_memory                  0x08000961   Thumb Code     2  heapauxi.o(.text)
    __rt_heap_escrow$2region                 0x08000963   Thumb Code     2  heapauxi.o(.text)
    __rt_heap_expand$2region                 0x08000965   Thumb Code     2  heapauxi.o(.text)
    __I$use$semihosting                      0x08000967   Thumb Code     0  use_no_semi.o(.text)
    __use_no_semihosting_swi                 0x08000967   Thumb Code     2  use_no_semi.o(.text)
    _printf_pre_padding                      0x08000969   Thumb Code    44  _printf_pad.o(.text)
    _printf_post_padding                     0x08000995   Thumb Code    34  _printf_pad.o(.text)
    _printf_truncate_signed                  0x080009b7   Thumb Code    18  _printf_truncate.o(.text)
    _printf_truncate_unsigned                0x080009c9   Thumb Code    18  _printf_truncate.o(.text)
    _printf_int_common                       0x080009db   Thumb Code   178  _printf_intcommon.o(.text)
    _printf_charcount                        0x08000a8d   Thumb Code    40  _printf_charcount.o(.text)
    __lib_sel_fp_printf                      0x08000ab5   Thumb Code     2  _printf_fp_dec.o(.text)
    _printf_fp_dec_real                      0x08000c63   Thumb Code   620  _printf_fp_dec.o(.text)
    _printf_char_common                      0x08000edb   Thumb Code    32  _printf_char_common.o(.text)
    _sputc                                   0x08000f01   Thumb Code    10  _sputc.o(.text)
    _printf_cs_common                        0x08000f0b   Thumb Code    20  _printf_char.o(.text)
    _printf_char                             0x08000f1f   Thumb Code    16  _printf_char.o(.text)
    _printf_string                           0x08000f2f   Thumb Code     8  _printf_char.o(.text)
    _printf_char_file                        0x08000f39   Thumb Code    32  _printf_char_file.o(.text)
    _printf_wctomb                           0x08000f5d   Thumb Code   182  _printf_wctomb.o(.text)
    _printf_longlong_dec                     0x08001019   Thumb Code   108  _printf_longlong_dec.o(.text)
    _printf_longlong_oct                     0x08001095   Thumb Code    68  _printf_oct_int_ll.o(.text)
    _printf_int_oct                          0x080010d9   Thumb Code    24  _printf_oct_int_ll.o(.text)
    _printf_ll_oct                           0x080010f1   Thumb Code    12  _printf_oct_int_ll.o(.text)
    __aeabi_memcpy4                          0x08001105   Thumb Code     0  rt_memcpy_w.o(.text)
    __aeabi_memcpy8                          0x08001105   Thumb Code     0  rt_memcpy_w.o(.text)
    __rt_memcpy_w                            0x08001105   Thumb Code   100  rt_memcpy_w.o(.text)
    _memcpy_lastbytes_aligned                0x0800114d   Thumb Code     0  rt_memcpy_w.o(.text)
    __rt_locale                              0x08001169   Thumb Code     8  rt_locale_intlibspace.o(.text)
    _ll_udiv10                               0x08001171   Thumb Code   138  lludiv10.o(.text)
    _printf_fp_infnan                        0x080011fd   Thumb Code   112  _printf_fp_infnan.o(.text)
    _printf_lcs_common                       0x0800127d   Thumb Code    20  _printf_wchar.o(.text)
    _printf_wchar                            0x08001291   Thumb Code    16  _printf_wchar.o(.text)
    _printf_wstring                          0x080012a1   Thumb Code     8  _printf_wchar.o(.text)
    _btod_etento                             0x080012a9   Thumb Code   216  bigflt0.o(.text)
    ferror                                   0x08001385   Thumb Code     8  ferror.o(.text)
    _wcrtomb                                 0x0800138d   Thumb Code    64  _wcrtomb.o(.text)
    __user_libspace                          0x080013cd   Thumb Code     8  libspace.o(.text)
    __user_perproc_libspace                  0x080013cd   Thumb Code     0  libspace.o(.text)
    __user_perthread_libspace                0x080013cd   Thumb Code     0  libspace.o(.text)
    __user_setup_stackheap                   0x080013d5   Thumb Code    74  sys_stackheap_outer.o(.text)
    __rt_ctype_table                         0x08001421   Thumb Code    16  rt_ctype_table.o(.text)
    exit                                     0x08001431   Thumb Code    12  exit.o(.text)
    _btod_d2e                                0x0800143d   Thumb Code    62  btod.o(CL$$btod_d2e)
    _d2e_denorm_low                          0x0800147b   Thumb Code    70  btod.o(CL$$btod_d2e_denorm_low)
    _d2e_norm_op1                            0x080014c1   Thumb Code    96  btod.o(CL$$btod_d2e_norm_op1)
    __btod_div_common                        0x08001521   Thumb Code   696  btod.o(CL$$btod_div_common)
    _e2e                                     0x08001859   Thumb Code   198  btod.o(CL$$btod_e2e)
    _btod_ediv                               0x0800191f   Thumb Code    40  btod.o(CL$$btod_ediv)
    _btod_emul                               0x08001947   Thumb Code    40  btod.o(CL$$btod_emul)
    __btod_mult_common                       0x0800196f   Thumb Code   580  btod.o(CL$$btod_mult_common)
    BusFault_Handler                         0x08001bb3   Thumb Code     2  stm32f4xx_it.o(i.BusFault_Handler)
    DebugMon_Handler                         0x08001bb5   Thumb Code     2  stm32f4xx_it.o(i.DebugMon_Handler)
    EXTI0_IRQHandler                         0x08001bb9   Thumb Code    54  key.o(i.EXTI0_IRQHandler)
    EXTI2_IRQHandler                         0x08001bf5   Thumb Code    54  key.o(i.EXTI2_IRQHandler)
    EXTI3_IRQHandler                         0x08001c31   Thumb Code    54  key.o(i.EXTI3_IRQHandler)
    EXTI4_IRQHandler                         0x08001c6d   Thumb Code    54  key.o(i.EXTI4_IRQHandler)
    EXTI_ClearITPendingBit                   0x08001ca9   Thumb Code     6  stm32f4xx_exti.o(i.EXTI_ClearITPendingBit)
    EXTI_GetITStatus                         0x08001cb5   Thumb Code    16  stm32f4xx_exti.o(i.EXTI_GetITStatus)
    EXTI_Init                                0x08001cc9   Thumb Code   108  stm32f4xx_exti.o(i.EXTI_Init)
    FLASH_SendByte                           0x08001d39   Thumb Code    48  flash.o(i.FLASH_SendByte)
    Flash_PageProgram                        0x08001d6d   Thumb Code    82  flash.o(i.Flash_PageProgram)
    Flash_ReadData                           0x08001dc5   Thumb Code    72  flash.o(i.Flash_ReadData)
    Flash_ReadID                             0x08001e11   Thumb Code    60  flash.o(i.Flash_ReadID)
    Flash_ReadStatusRegister1                0x08001e51   Thumb Code    32  flash.o(i.Flash_ReadStatusRegister1)
    Flash_SectorErase                        0x08001e75   Thumb Code    68  flash.o(i.Flash_SectorErase)
    Flash_WriteDisable                       0x08001ebd   Thumb Code    26  flash.o(i.Flash_WriteDisable)
    Flash_WriteEnable                        0x08001edd   Thumb Code    26  flash.o(i.Flash_WriteEnable)
    Flash_config                             0x08001efd   Thumb Code   226  flash.o(i.Flash_config)
    GPIO_Init                                0x08001fed   Thumb Code   120  stm32f4xx_gpio.o(i.GPIO_Init)
    GPIO_PinAFConfig                         0x08002065   Thumb Code    32  stm32f4xx_gpio.o(i.GPIO_PinAFConfig)
    GPIO_ReadOutputDataBit                   0x08002085   Thumb Code    14  stm32f4xx_gpio.o(i.GPIO_ReadOutputDataBit)
    GPIO_SetBits                             0x08002093   Thumb Code     4  stm32f4xx_gpio.o(i.GPIO_SetBits)
    HardFault_Handler                        0x08002097   Thumb Code     2  stm32f4xx_it.o(i.HardFault_Handler)
    IIC_Start                                0x08002099   Thumb Code    52  iic.o(i.IIC_Start)
    IIC_Stop                                 0x080020d1   Thumb Code    44  iic.o(i.IIC_Stop)
    IIC_Wait_Ack                             0x08002101   Thumb Code    48  iic.o(i.IIC_Wait_Ack)
    IWDG_Enable                              0x08002135   Thumb Code    10  stm32f4xx_iwdg.o(i.IWDG_Enable)
    IWDG_ReloadCounter                       0x08002145   Thumb Code    10  stm32f4xx_iwdg.o(i.IWDG_ReloadCounter)
    IWDG_SetPrescaler                        0x08002155   Thumb Code     6  stm32f4xx_iwdg.o(i.IWDG_SetPrescaler)
    IWDG_SetReload                           0x08002161   Thumb Code     6  stm32f4xx_iwdg.o(i.IWDG_SetReload)
    IWDG_Start                               0x0800216d   Thumb Code    36  iwd.o(i.IWDG_Start)
    IWDG_WriteAccessCmd                      0x08002191   Thumb Code     6  stm32f4xx_iwdg.o(i.IWDG_WriteAccessCmd)
    MemManage_Handler                        0x0800219d   Thumb Code     2  stm32f4xx_it.o(i.MemManage_Handler)
    NMI_Handler                              0x0800219f   Thumb Code     2  stm32f4xx_it.o(i.NMI_Handler)
    NVIC_Init                                0x080021cd   Thumb Code    96  misc.o(i.NVIC_Init)
    NVIC_PriorityGroupConfig                 0x08002231   Thumb Code    10  misc.o(i.NVIC_PriorityGroupConfig)
    OLED_Clear                               0x08002245   Thumb Code    58  oled.o(i.OLED_Clear)
    OLED_DrawBMP                             0x0800227f   Thumb Code    64  oled.o(i.OLED_DrawBMP)
    OLED_Init                                0x080022c1   Thumb Code   286  oled.o(i.OLED_Init)
    OLED_Set_Pos                             0x080023f1   Thumb Code    42  oled.o(i.OLED_Set_Pos)
    OLED_WR_Byte                             0x0800241b   Thumb Code    12  oled.o(i.OLED_WR_Byte)
    RCC_AHB1PeriphClockCmd                   0x08002429   Thumb Code    18  stm32f4xx_rcc.o(i.RCC_AHB1PeriphClockCmd)
    RCC_APB1PeriphClockCmd                   0x08002441   Thumb Code    18  stm32f4xx_rcc.o(i.RCC_APB1PeriphClockCmd)
    RCC_APB2PeriphClockCmd                   0x08002459   Thumb Code    18  stm32f4xx_rcc.o(i.RCC_APB2PeriphClockCmd)
    RCC_GetClocksFreq                        0x08002471   Thumb Code   132  stm32f4xx_rcc.o(i.RCC_GetClocksFreq)
    SPI_Cmd                                  0x08002501   Thumb Code    20  stm32f4xx_spi.o(i.SPI_Cmd)
    SPI_I2S_GetFlagStatus                    0x08002515   Thumb Code    14  stm32f4xx_spi.o(i.SPI_I2S_GetFlagStatus)
    SPI_I2S_ReceiveData                      0x08002523   Thumb Code     4  stm32f4xx_spi.o(i.SPI_I2S_ReceiveData)
    SPI_I2S_SendData                         0x08002527   Thumb Code     4  stm32f4xx_spi.o(i.SPI_I2S_SendData)
    SPI_Init                                 0x0800252b   Thumb Code    56  stm32f4xx_spi.o(i.SPI_Init)
    SYSCFG_EXTILineConfig                    0x08002565   Thumb Code    42  stm32f4xx_syscfg.o(i.SYSCFG_EXTILineConfig)
    SysTick_Handler                          0x08002649   Thumb Code    38  port.o(i.SysTick_Handler)
    SystemInit                               0x08002675   Thumb Code    74  system_stm32f4xx.o(i.SystemInit)
    TIM_ARRPreloadConfig                     0x080026d1   Thumb Code    20  stm32f4xx_tim.o(i.TIM_ARRPreloadConfig)
    TIM_Cmd                                  0x080026e5   Thumb Code    20  stm32f4xx_tim.o(i.TIM_Cmd)
    TIM_OC2Init                              0x080026f9   Thumb Code   120  stm32f4xx_tim.o(i.TIM_OC2Init)
    TIM_OC2PreloadConfig                     0x08002779   Thumb Code    20  stm32f4xx_tim.o(i.TIM_OC2PreloadConfig)
    TIM_SetCompare2                          0x0800278d   Thumb Code     4  stm32f4xx_tim.o(i.TIM_SetCompare2)
    TIM_TimeBaseInit                         0x08002791   Thumb Code    96  stm32f4xx_tim.o(i.TIM_TimeBaseInit)
    USART1_IRQHandler                        0x0800280d   Thumb Code    84  usart.o(i.USART1_IRQHandler)
    USART2_IRQHandler                        0x0800286d   Thumb Code    66  usart.o(i.USART2_IRQHandler)
    USART3_IRQHandler                        0x080028bd   Thumb Code    82  esp8266.o(i.USART3_IRQHandler)
    USART_ClearFlag                          0x0800291d   Thumb Code     6  stm32f4xx_usart.o(i.USART_ClearFlag)
    USART_ClearITPendingBit                  0x08002923   Thumb Code    12  stm32f4xx_usart.o(i.USART_ClearITPendingBit)
    USART_Cmd                                0x0800292f   Thumb Code    20  stm32f4xx_usart.o(i.USART_Cmd)
    USART_GetFlagStatus                      0x08002943   Thumb Code    14  stm32f4xx_usart.o(i.USART_GetFlagStatus)
    USART_GetITStatus                        0x08002951   Thumb Code    62  stm32f4xx_usart.o(i.USART_GetITStatus)
    USART_ITConfig                           0x0800298f   Thumb Code    48  stm32f4xx_usart.o(i.USART_ITConfig)
    USART_Init                               0x080029c1   Thumb Code   164  stm32f4xx_usart.o(i.USART_Init)
    USART_ReceiveData                        0x08002a6d   Thumb Code     8  stm32f4xx_usart.o(i.USART_ReceiveData)
    USART_SendData                           0x08002a75   Thumb Code     8  stm32f4xx_usart.o(i.USART_SendData)
    UsageFault_Handler                       0x08002a7d   Thumb Code     2  stm32f4xx_it.o(i.UsageFault_Handler)
    Write_IIC_Byte                           0x08002a81   Thumb Code    88  iic.o(i.Write_IIC_Byte)
    Write_IIC_Command                        0x08002add   Thumb Code    46  iic.o(i.Write_IIC_Command)
    Write_IIC_Data                           0x08002b0b   Thumb Code    46  iic.o(i.Write_IIC_Data)
    __ARM_fpclassify                         0x08002b39   Thumb Code    48  fpclassify.o(i.__ARM_fpclassify)
    _is_digit                                0x08002b69   Thumb Code    14  __printf_wp.o(i._is_digit)
    _sys_exit                                0x08002b77   Thumb Code     2  usart.o(i._sys_exit)
    bcc_check                                0x08003b89   Thumb Code    24  sfm.o(i.bcc_check)
    beep_init                                0x08003ba1   Thumb Code    54  beep.o(i.beep_init)
    beep_off                                 0x08003be1   Thumb Code    10  beep.o(i.beep_off)
    beep_on                                  0x08003bf1   Thumb Code    10  beep.o(i.beep_on)
    delay_ms                                 0x08003c01   Thumb Code     4  delay.o(i.delay_ms)
    delay_us                                 0x08003c05   Thumb Code    72  delay.o(i.delay_us)
    dgb_printf_safe                          0x08003c55   Thumb Code    44  main.o(i.dgb_printf_safe)
    dht11_init                               0x08003c85   Thumb Code    48  dht11.o(i.dht11_init)
    dht11_read                               0x08003cc1   Thumb Code   336  dht11.o(i.dht11_read)
    esp8266_connect_ap                       0x08003e1d   Thumb Code   118  esp8266.o(i.esp8266_connect_ap)
    esp8266_connect_server                   0x08003ec9   Thumb Code   130  esp8266.o(i.esp8266_connect_server)
    esp8266_enable_echo                      0x08003f79   Thumb Code    34  esp8266.o(i.esp8266_enable_echo)
    esp8266_entry_transparent_transmission   0x08003fb1   Thumb Code    60  esp8266.o(i.esp8266_entry_transparent_transmission)
    esp8266_exit_transparent_transmission    0x08004015   Thumb Code    28  esp8266.o(i.esp8266_exit_transparent_transmission)
    esp8266_find_str_in_rx_packet            0x08004035   Thumb Code    44  esp8266.o(i.esp8266_find_str_in_rx_packet)
    esp8266_init                             0x08004065   Thumb Code     8  esp8266.o(i.esp8266_init)
    esp8266_mqtt_init                        0x0800406d   Thumb Code   268  esp8266_mqtt.o(i.esp8266_mqtt_init)
    esp8266_reset                            0x08004469   Thumb Code    28  esp8266.o(i.esp8266_reset)
    esp8266_send_at                          0x08004495   Thumb Code    30  esp8266.o(i.esp8266_send_at)
    esp8266_send_bytes                       0x080044bd   Thumb Code     4  esp8266.o(i.esp8266_send_bytes)
    fputc                                    0x080044c1   Thumb Code    14  usart.o(i.fputc)
    get_key_board                            0x080044d5   Thumb Code   314  matrixkey.o(i.get_key_board)
    key_board_init                           0x08004621   Thumb Code   178  matrixkey.o(i.key_board_init)
    key_init                                 0x080046ed   Thumb Code   238  key.o(i.key_init)
    key_sta_get                              0x080047e5   Thumb Code    50  key.o(i.key_sta_get)
    led_init                                 0x0800481d   Thumb Code   158  led.o(i.led_init)
    main                                     0x080048c9   Thumb Code   116  main.o(i.main)
    mqtt_connect                             0x0800495d   Thumb Code   388  esp8266_mqtt.o(i.mqtt_connect)
    mqtt_publish_data                        0x08004af1   Thumb Code   176  esp8266_mqtt.o(i.mqtt_publish_data)
    mqtt_report_devices_status               0x08004ba9   Thumb Code   178  esp8266_mqtt.o(i.mqtt_report_devices_status)
    mqtt_send_bytes                          0x08004cb1   Thumb Code     4  esp8266_mqtt.o(i.mqtt_send_bytes)
    mqtt_send_heart                          0x08004cb5   Thumb Code     8  esp8266_mqtt.o(i.mqtt_send_heart)
    mqtt_subscribe_topic                     0x08004cc1   Thumb Code   228  esp8266_mqtt.o(i.mqtt_subscribe_topic)
    pvPortMalloc                             0x08005505   Thumb Code   216  heap_4.o(i.pvPortMalloc)
    pvTaskIncrementMutexHeldCount            0x080055e1   Thumb Code    18  tasks.o(i.pvTaskIncrementMutexHeldCount)
    pxPortInitialiseStack                    0x080055f9   Thumb Code    40  port.o(i.pxPortInitialiseStack)
    sda_pin_mode                             0x08005625   Thumb Code    42  oled.o(i.sda_pin_mode)
    sfm_compare_users                        0x08005659   Thumb Code   130  sfm.o(i.sfm_compare_users)
    sfm_ctrl_led                             0x080056ed   Thumb Code   124  sfm.o(i.sfm_ctrl_led)
    sfm_del_user_all                         0x08005779   Thumb Code   114  sfm.o(i.sfm_del_user_all)
    sfm_error_code                           0x080057fd   Thumb Code    92  sfm.o(i.sfm_error_code)
    sfm_get_unused_id                        0x08005905   Thumb Code   126  sfm.o(i.sfm_get_unused_id)
    sfm_get_user_total                       0x08005995   Thumb Code   124  sfm.o(i.sfm_get_user_total)
    sfm_init                                 0x08005a21   Thumb Code    28  sfm.o(i.sfm_init)
    sfm_reg_user                             0x08005a3d   Thumb Code   356  sfm.o(i.sfm_reg_user)
    sfm_touch_check                          0x08005bb1   Thumb Code   114  sfm.o(i.sfm_touch_check)
    sfm_touch_init                           0x08005c35   Thumb Code    52  sfm.o(i.sfm_touch_init)
    sg_angle                                 0x08005c6d   Thumb Code   134  pwm.o(i.sg_angle)
    sg_init                                  0x08005d1d   Thumb Code   138  pwm.o(i.sg_init)
    usart1_init                              0x08005db9   Thumb Code   194  usart.o(i.usart1_init)
    usart2_init                              0x08005e89   Thumb Code   140  usart.o(i.usart2_init)
    usart3_init                              0x08005f25   Thumb Code   142  usart.o(i.usart3_init)
    usart3_send_bytes                        0x08005fc5   Thumb Code    38  usart.o(i.usart3_send_bytes)
    usart3_send_str                          0x08005ff1   Thumb Code    36  usart.o(i.usart3_send_str)
    usart_send_bytes                         0x08006019   Thumb Code    46  usart.o(i.usart_send_bytes)
    uxListRemove                             0x08006047   Thumb Code    38  list.o(i.uxListRemove)
    uxTaskResetEventItemValue                0x0800606d   Thumb Code    20  tasks.o(i.uxTaskResetEventItemValue)
    vApplicationIdleHook                     0x08006085   Thumb Code     2  main.o(i.vApplicationIdleHook)
    vApplicationMallocFailedHook             0x08006087   Thumb Code    16  main.o(i.vApplicationMallocFailedHook)
    vApplicationStackOverflowHook            0x08006097   Thumb Code    16  main.o(i.vApplicationStackOverflowHook)
    vApplicationTickHook                     0x080060a7   Thumb Code     2  main.o(i.vApplicationTickHook)
    vEventGroupSetBitsCallback               0x080060a9   Thumb Code     4  event_groups.o(i.vEventGroupSetBitsCallback)
    vListInitialise                          0x080060ad   Thumb Code    22  list.o(i.vListInitialise)
    vListInitialiseItem                      0x080060c3   Thumb Code     6  list.o(i.vListInitialiseItem)
    vListInsert                              0x080060c9   Thumb Code    48  list.o(i.vListInsert)
    vListInsertEnd                           0x080060f9   Thumb Code    24  list.o(i.vListInsertEnd)
    vPortEnterCritical                       0x08006111   Thumb Code    54  port.o(i.vPortEnterCritical)
    vPortExitCritical                        0x08006151   Thumb Code    34  port.o(i.vPortExitCritical)
    vPortFree                                0x08006179   Thumb Code    88  heap_4.o(i.vPortFree)
    vPortSetupTimerInterrupt                 0x080061d5   Thumb Code    32  port.o(i.vPortSetupTimerInterrupt)
    vPortValidateInterruptPriority           0x080061f9   Thumb Code    74  port.o(i.vPortValidateInterruptPriority)
    vQueueAddToRegistry                      0x0800624d   Thumb Code    32  queue.o(i.vQueueAddToRegistry)
    vQueueWaitForMessageRestricted           0x08006271   Thumb Code    68  queue.o(i.vQueueWaitForMessageRestricted)
    vTaskDelay                               0x080062b5   Thumb Code    66  tasks.o(i.vTaskDelay)
    vTaskDelete                              0x08006301   Thumb Code   156  tasks.o(i.vTaskDelete)
    vTaskInternalSetTimeOutState             0x080063ad   Thumb Code    12  tasks.o(i.vTaskInternalSetTimeOutState)
    vTaskMissedYield                         0x080063bd   Thumb Code     8  tasks.o(i.vTaskMissedYield)
    vTaskPlaceOnEventList                    0x080063c9   Thumb Code    44  tasks.o(i.vTaskPlaceOnEventList)
    vTaskPlaceOnEventListRestricted          0x080063f9   Thumb Code    52  tasks.o(i.vTaskPlaceOnEventListRestricted)
    vTaskPlaceOnUnorderedEventList           0x08006431   Thumb Code    72  tasks.o(i.vTaskPlaceOnUnorderedEventList)
    vTaskPriorityDisinheritAfterTimeout      0x0800647d   Thumb Code   162  tasks.o(i.vTaskPriorityDisinheritAfterTimeout)
    vTaskRemoveFromUnorderedEventList        0x08006529   Thumb Code   104  tasks.o(i.vTaskRemoveFromUnorderedEventList)
    vTaskResume                              0x08006599   Thumb Code   112  tasks.o(i.vTaskResume)
    vTaskStartScheduler                      0x08006615   Thumb Code    94  tasks.o(i.vTaskStartScheduler)
    vTaskSuspend                             0x08006685   Thumb Code   170  tasks.o(i.vTaskSuspend)
    vTaskSuspendAll                          0x08006741   Thumb Code    10  tasks.o(i.vTaskSuspendAll)
    vTaskSwitchContext                       0x08006751   Thumb Code   126  tasks.o(i.vTaskSwitchContext)
    xEventGroupCreate                        0x080067d9   Thumb Code    26  event_groups.o(i.xEventGroupCreate)
    xEventGroupSetBits                       0x080067f3   Thumb Code   140  event_groups.o(i.xEventGroupSetBits)
    xEventGroupSetBitsFromISR                0x08006881   Thumb Code    12  event_groups.o(i.xEventGroupSetBitsFromISR)
    xEventGroupWaitBits                      0x08006891   Thumb Code   258  event_groups.o(i.xEventGroupWaitBits)
    xPortStartScheduler                      0x08006999   Thumb Code   224  port.o(i.xPortStartScheduler)
    xQueueCreateMutex                        0x08006a8d   Thumb Code    36  queue.o(i.xQueueCreateMutex)
    xQueueGenericCreate                      0x08006ab1   Thumb Code    82  queue.o(i.xQueueGenericCreate)
    xQueueGenericReset                       0x08006b05   Thumb Code   132  queue.o(i.xQueueGenericReset)
    xQueueGenericSend                        0x08006b8d   Thumb Code   350  queue.o(i.xQueueGenericSend)
    xQueueGenericSendFromISR                 0x08006cf1   Thumb Code   188  queue.o(i.xQueueGenericSendFromISR)
    xQueueReceive                            0x08006dad   Thumb Code   308  queue.o(i.xQueueReceive)
    xQueueSemaphoreTake                      0x08006ee5   Thumb Code   372  queue.o(i.xQueueSemaphoreTake)
    xTaskCheckForTimeOut                     0x0800705d   Thumb Code   112  tasks.o(i.xTaskCheckForTimeOut)
    xTaskCreate                              0x080070d1   Thumb Code    86  tasks.o(i.xTaskCreate)
    xTaskGetSchedulerState                   0x08007129   Thumb Code    22  tasks.o(i.xTaskGetSchedulerState)
    xTaskGetTickCount                        0x08007145   Thumb Code     6  tasks.o(i.xTaskGetTickCount)
    xTaskIncrementTick                       0x08007151   Thumb Code   182  tasks.o(i.xTaskIncrementTick)
    xTaskPriorityDisinherit                  0x08007211   Thumb Code   144  tasks.o(i.xTaskPriorityDisinherit)
    xTaskPriorityInherit                     0x080072a9   Thumb Code   140  tasks.o(i.xTaskPriorityInherit)
    xTaskRemoveFromEventList                 0x0800733d   Thumb Code   106  tasks.o(i.xTaskRemoveFromEventList)
    xTaskResumeAll                           0x080073b5   Thumb Code   182  tasks.o(i.xTaskResumeAll)
    xTimerCreateTimerTask                    0x08007479   Thumb Code    58  timers.o(i.xTimerCreateTimerTask)
    xTimerGenericCommand                     0x080074c5   Thumb Code    94  timers.o(i.xTimerGenericCommand)
    xTimerPendFunctionCallFromISR            0x08007529   Thumb Code    34  timers.o(i.xTimerPendFunctionCallFromISR)
    _get_lc_numeric                          0x08007551   Thumb Code    44  lc_numeric_c.o(locale$$code)
    _get_lc_ctype                            0x0800757d   Thumb Code    44  lc_ctype_c.o(locale$$code)
    __aeabi_ddiv                             0x080075a9   Thumb Code     0  ddiv.o(x$fpl$ddiv)
    _ddiv                                    0x080075a9   Thumb Code   552  ddiv.o(x$fpl$ddiv)
    __aeabi_d2uiz                            0x08007859   Thumb Code     0  dfixu.o(x$fpl$dfixu)
    _dfixu                                   0x08007859   Thumb Code    90  dfixu.o(x$fpl$dfixu)
    __aeabi_ui2d                             0x080078b3   Thumb Code     0  dflt_clz.o(x$fpl$dfltu)
    _dfltu                                   0x080078b3   Thumb Code    38  dflt_clz.o(x$fpl$dfltu)
    __aeabi_dmul                             0x080078d9   Thumb Code     0  dmul.o(x$fpl$dmul)
    _dmul                                    0x080078d9   Thumb Code   332  dmul.o(x$fpl$dmul)
    __fpl_dnaninf                            0x08007a2d   Thumb Code   156  dnaninf.o(x$fpl$dnaninf)
    __fpl_dretinf                            0x08007ac9   Thumb Code    12  dretinf.o(x$fpl$dretinf)
    __aeabi_f2d                              0x08007ad5   Thumb Code     0  f2d.o(x$fpl$f2d)
    _f2d                                     0x08007ad5   Thumb Code    86  f2d.o(x$fpl$f2d)
    __fpl_fnaninf                            0x08007b2b   Thumb Code   140  fnaninf.o(x$fpl$fnaninf)
    _fp_init                                 0x08007bb7   Thumb Code    10  fpinit.o(x$fpl$fpinit)
    __fplib_config_fpu_vfp                   0x08007bbf   Thumb Code     0  fpinit.o(x$fpl$fpinit)
    __fplib_config_pureend_doubles           0x08007bbf   Thumb Code     0  fpinit.o(x$fpl$fpinit)
    _printf_fp_dec                           0x08007bc1   Thumb Code     4  printf1.o(x$fpl$printf1)
    __I$use$fp                               0x08007bc4   Number         0  usenofp.o(x$fpl$usenofp)
    g_packet_disconnect                      0x08007bc4   Data           2  esp8266_mqtt.o(.constdata)
    g_packet_heart                           0x08007bc6   Data           2  esp8266_mqtt.o(.constdata)
    Region$$Table$$Base                      0x08007dc4   Number         0  anon$$obj.o(Region$$Table)
    Region$$Table$$Limit                     0x08007de4   Number         0  anon$$obj.o(Region$$Table)
    __ctype                                  0x08007e0d   Data           0  lc_ctype_c.o(locale$$data)
    tmp                                      0x20000000   Data           1  main.o(.data)
    g_temp                                   0x20000030   Data           4  main.o(.data)
    g_humi                                   0x20000034   Data           4  main.o(.data)
    g_door                                   0x20000038   Data           4  main.o(.data)
    g_flag_in                                0x2000003c   Data           4  main.o(.data)
    g_flag_password_re                       0x20000040   Data           4  main.o(.data)
    g_flag_password_look                     0x20000044   Data           4  main.o(.data)
    g_event_group                            0x2000004c   Data           4  main.o(.data)
    g_queue_esp8266                          0x20000050   Data           4  main.o(.data)
    g_sem_binary                             0x20000054   Data           4  main.o(.data)
    SystemCoreClock                          0x20000058   Data           4  system_stm32f4xx.o(.data)
    AHBPrescTable                            0x2000005c   Data          16  system_stm32f4xx.o(.data)
    g_esp8266_rx_cnt                         0x20000074   Data           4  esp8266.o(.data)
    g_mqtt_tx_len                            0x2000007c   Data           4  esp8266_mqtt.o(.data)
    BMP1                                     0x20000080   Data        1024  oled.o(.data)
    BMP2                                     0x20000480   Data        1024  oled.o(.data)
    BMP4                                     0x20000880   Data         448  oled.o(.data)
    BMP5                                     0x20000a40   Data         448  oled.o(.data)
    BMP6                                     0x20000c00   Data         504  oled.o(.data)
    BMP7                                     0x20000df8   Data         512  oled.o(.data)
    GPIO_InitStructure                       0x20001004   Data           8  pwm.o(.data)
    g_usart2_rx_cnt                          0x2000100c   Data           4  usart.o(.data)
    g_usart2_rx_end                          0x20001010   Data           4  usart.o(.data)
    __stdout                                 0x20001020   Data           4  usart.o(.data)
    pxCurrentTCB                             0x20001034   Data           4  tasks.o(.data)
    password                                 0x200010a8   Data          18  main.o(.bss)
    flash_buf                                0x200010ba   Data          18  main.o(.bss)
    g_esp8266_tx_buf                         0x200010cc   Data         512  esp8266.o(.bss)
    g_esp8266_rx_buf                         0x200012cc   Data         512  esp8266.o(.bss)
    g_mqtt_msg                               0x200014cc   Data         526  esp8266_mqtt.o(.bss)
    TIM_TimeBaseStructure                    0x200016dc   Data          12  pwm.o(.bss)
    TIM_OCInitStructure                      0x200016e8   Data          20  pwm.o(.bss)
    g_usart2_rx_buf                          0x200016fc   Data         512  usart.o(.bss)
    xQueueRegistry                           0x2000190c   Data          64  queue.o(.bss)
    __libspace_start                         0x20014858   Data          96  libspace.o(.bss)
    __temporary_stack_top$libspace           0x200148b8   Data           0  libspace.o(.bss)



==============================================================================

Memory Map of the image

  Image Entry point : 0x08000189

  Load Region LR_IROM1 (Base: 0x08000000, Size: 0x00008fb8, Max: 0x00080000, ABSOLUTE, COMPRESSED[0x000085a8])

    Execution Region ER_IROM1 (Base: 0x08000000, Size: 0x00007f10, Max: 0x00080000, ABSOLUTE)

    Base Addr    Size         Type   Attr      Idx    E Section Name        Object

    0x08000000   0x00000188   Data   RO         1447    RESET               startup_stm32f40_41xxx.o
    0x08000188   0x00000008   Code   RO         4173  * !!!main             c_w.l(__main.o)
    0x08000190   0x00000034   Code   RO         4461    !!!scatter          c_w.l(__scatter.o)
    0x080001c4   0x0000005a   Code   RO         4459    !!dczerorl2         c_w.l(__dczerorl2.o)
    0x0800021e   0x00000002   PAD
    0x08000220   0x0000001c   Code   RO         4463    !!handler_zi        c_w.l(__scatter_zi.o)
    0x0800023c   0x00000000   Code   RO         4154    .ARM.Collect$$_printf_percent$$00000000  c_w.l(_printf_percent.o)
    0x0800023c   0x00000006   Code   RO         4227    .ARM.Collect$$_printf_percent$$00000001  c_w.l(_printf_n.o)
    0x08000242   0x00000006   Code   RO         4228    .ARM.Collect$$_printf_percent$$00000002  c_w.l(_printf_p.o)
    0x08000248   0x00000006   Code   RO         4153    .ARM.Collect$$_printf_percent$$00000003  c_w.l(_printf_f.o)
    0x0800024e   0x00000006   Code   RO         4232    .ARM.Collect$$_printf_percent$$00000004  c_w.l(_printf_e.o)
    0x08000254   0x00000006   Code   RO         4233    .ARM.Collect$$_printf_percent$$00000005  c_w.l(_printf_g.o)
    0x0800025a   0x00000006   Code   RO         4234    .ARM.Collect$$_printf_percent$$00000006  c_w.l(_printf_a.o)
    0x08000260   0x0000000a   Code   RO         4239    .ARM.Collect$$_printf_percent$$00000007  c_w.l(_printf_ll.o)
    0x0800026a   0x00000006   Code   RO         4230    .ARM.Collect$$_printf_percent$$00000008  c_w.l(_printf_i.o)
    0x08000270   0x00000006   Code   RO         4152    .ARM.Collect$$_printf_percent$$00000009  c_w.l(_printf_d.o)
    0x08000276   0x00000006   Code   RO         4231    .ARM.Collect$$_printf_percent$$0000000A  c_w.l(_printf_u.o)
    0x0800027c   0x00000006   Code   RO         4229    .ARM.Collect$$_printf_percent$$0000000B  c_w.l(_printf_o.o)
    0x08000282   0x00000006   Code   RO         4151    .ARM.Collect$$_printf_percent$$0000000C  c_w.l(_printf_x.o)
    0x08000288   0x00000006   Code   RO         4236    .ARM.Collect$$_printf_percent$$0000000D  c_w.l(_printf_lli.o)
    0x0800028e   0x00000006   Code   RO         4237    .ARM.Collect$$_printf_percent$$0000000E  c_w.l(_printf_lld.o)
    0x08000294   0x00000006   Code   RO         4238    .ARM.Collect$$_printf_percent$$0000000F  c_w.l(_printf_llu.o)
    0x0800029a   0x00000006   Code   RO         4243    .ARM.Collect$$_printf_percent$$00000010  c_w.l(_printf_llo.o)
    0x080002a0   0x00000006   Code   RO         4244    .ARM.Collect$$_printf_percent$$00000011  c_w.l(_printf_llx.o)
    0x080002a6   0x0000000a   Code   RO         4240    .ARM.Collect$$_printf_percent$$00000012  c_w.l(_printf_l.o)
    0x080002b0   0x00000006   Code   RO         4149    .ARM.Collect$$_printf_percent$$00000013  c_w.l(_printf_c.o)
    0x080002b6   0x00000006   Code   RO         4150    .ARM.Collect$$_printf_percent$$00000014  c_w.l(_printf_s.o)
    0x080002bc   0x00000006   Code   RO         4241    .ARM.Collect$$_printf_percent$$00000015  c_w.l(_printf_lc.o)
    0x080002c2   0x00000006   Code   RO         4242    .ARM.Collect$$_printf_percent$$00000016  c_w.l(_printf_ls.o)
    0x080002c8   0x00000004   Code   RO         4235    .ARM.Collect$$_printf_percent$$00000017  c_w.l(_printf_percent_end.o)
    0x080002cc   0x00000002   Code   RO         4334    .ARM.Collect$$libinit$$00000000  c_w.l(libinit.o)
    0x080002ce   0x00000004   Code   RO         4335    .ARM.Collect$$libinit$$00000001  c_w.l(libinit2.o)
    0x080002d2   0x00000000   Code   RO         4338    .ARM.Collect$$libinit$$00000004  c_w.l(libinit2.o)
    0x080002d2   0x00000000   Code   RO         4341    .ARM.Collect$$libinit$$0000000A  c_w.l(libinit2.o)
    0x080002d2   0x00000000   Code   RO         4343    .ARM.Collect$$libinit$$0000000C  c_w.l(libinit2.o)
    0x080002d2   0x00000000   Code   RO         4345    .ARM.Collect$$libinit$$0000000E  c_w.l(libinit2.o)
    0x080002d2   0x00000006   Code   RO         4346    .ARM.Collect$$libinit$$0000000F  c_w.l(libinit2.o)
    0x080002d8   0x00000000   Code   RO         4348    .ARM.Collect$$libinit$$00000011  c_w.l(libinit2.o)
    0x080002d8   0x0000000c   Code   RO         4349    .ARM.Collect$$libinit$$00000012  c_w.l(libinit2.o)
    0x080002e4   0x00000000   Code   RO         4350    .ARM.Collect$$libinit$$00000013  c_w.l(libinit2.o)
    0x080002e4   0x00000000   Code   RO         4352    .ARM.Collect$$libinit$$00000015  c_w.l(libinit2.o)
    0x080002e4   0x0000000a   Code   RO         4353    .ARM.Collect$$libinit$$00000016  c_w.l(libinit2.o)
    0x080002ee   0x00000000   Code   RO         4354    .ARM.Collect$$libinit$$00000017  c_w.l(libinit2.o)
    0x080002ee   0x00000000   Code   RO         4356    .ARM.Collect$$libinit$$00000019  c_w.l(libinit2.o)
    0x080002ee   0x00000000   Code   RO         4358    .ARM.Collect$$libinit$$0000001B  c_w.l(libinit2.o)
    0x080002ee   0x00000000   Code   RO         4360    .ARM.Collect$$libinit$$0000001D  c_w.l(libinit2.o)
    0x080002ee   0x00000000   Code   RO         4362    .ARM.Collect$$libinit$$0000001F  c_w.l(libinit2.o)
    0x080002ee   0x00000000   Code   RO         4364    .ARM.Collect$$libinit$$00000021  c_w.l(libinit2.o)
    0x080002ee   0x00000000   Code   RO         4366    .ARM.Collect$$libinit$$00000023  c_w.l(libinit2.o)
    0x080002ee   0x00000000   Code   RO         4368    .ARM.Collect$$libinit$$00000025  c_w.l(libinit2.o)
    0x080002ee   0x00000000   Code   RO         4372    .ARM.Collect$$libinit$$0000002C  c_w.l(libinit2.o)
    0x080002ee   0x00000000   Code   RO         4374    .ARM.Collect$$libinit$$0000002E  c_w.l(libinit2.o)
    0x080002ee   0x00000000   Code   RO         4376    .ARM.Collect$$libinit$$00000030  c_w.l(libinit2.o)
    0x080002ee   0x00000000   Code   RO         4378    .ARM.Collect$$libinit$$00000032  c_w.l(libinit2.o)
    0x080002ee   0x00000002   Code   RO         4379    .ARM.Collect$$libinit$$00000033  c_w.l(libinit2.o)
    0x080002f0   0x00000002   Code   RO         4410    .ARM.Collect$$libshutdown$$00000000  c_w.l(libshutdown.o)
    0x080002f2   0x00000000   Code   RO         4420    .ARM.Collect$$libshutdown$$00000003  c_w.l(libshutdown2.o)
    0x080002f2   0x00000000   Code   RO         4423    .ARM.Collect$$libshutdown$$00000006  c_w.l(libshutdown2.o)
    0x080002f2   0x00000000   Code   RO         4426    .ARM.Collect$$libshutdown$$00000009  c_w.l(libshutdown2.o)
    0x080002f2   0x00000000   Code   RO         4428    .ARM.Collect$$libshutdown$$0000000B  c_w.l(libshutdown2.o)
    0x080002f2   0x00000000   Code   RO         4431    .ARM.Collect$$libshutdown$$0000000E  c_w.l(libshutdown2.o)
    0x080002f2   0x00000002   Code   RO         4432    .ARM.Collect$$libshutdown$$0000000F  c_w.l(libshutdown2.o)
    0x080002f4   0x00000000   Code   RO         4197    .ARM.Collect$$rtentry$$00000000  c_w.l(__rtentry.o)
    0x080002f4   0x00000000   Code   RO         4255    .ARM.Collect$$rtentry$$00000002  c_w.l(__rtentry2.o)
    0x080002f4   0x00000006   Code   RO         4267    .ARM.Collect$$rtentry$$00000004  c_w.l(__rtentry4.o)
    0x080002fa   0x00000000   Code   RO         4257    .ARM.Collect$$rtentry$$00000009  c_w.l(__rtentry2.o)
    0x080002fa   0x00000004   Code   RO         4258    .ARM.Collect$$rtentry$$0000000A  c_w.l(__rtentry2.o)
    0x080002fe   0x00000000   Code   RO         4260    .ARM.Collect$$rtentry$$0000000C  c_w.l(__rtentry2.o)
    0x080002fe   0x00000008   Code   RO         4261    .ARM.Collect$$rtentry$$0000000D  c_w.l(__rtentry2.o)
    0x08000306   0x00000002   Code   RO         4380    .ARM.Collect$$rtexit$$00000000  c_w.l(rtexit.o)
    0x08000308   0x00000000   Code   RO         4390    .ARM.Collect$$rtexit$$00000002  c_w.l(rtexit2.o)
    0x08000308   0x00000004   Code   RO         4391    .ARM.Collect$$rtexit$$00000003  c_w.l(rtexit2.o)
    0x0800030c   0x00000006   Code   RO         4392    .ARM.Collect$$rtexit$$00000004  c_w.l(rtexit2.o)
    0x08000312   0x00000002   PAD
    0x08000314   0x000000be   Code   RO         4011    .emb_text           port.o
    0x080003d2   0x00000002   PAD
    0x080003d4   0x00000040   Code   RO         1448    .text               startup_stm32f40_41xxx.o
    0x08000414   0x00000002   Code   RO         4090    .text               c_w.l(use_no_semi_2.o)
    0x08000416   0x00000002   PAD
    0x08000418   0x0000000c   Code   RO         4092    .text               c_w.l(c89vprintf.o)
    0x08000424   0x00000018   Code   RO         4094    .text               c_w.l(__2printf.o)
    0x0800043c   0x0000002c   Code   RO         4096    .text               c_w.l(__2sprintf.o)
    0x08000468   0x00000052   Code   RO         4104    .text               c_w.l(_printf_str.o)
    0x080004ba   0x00000002   PAD
    0x080004bc   0x00000078   Code   RO         4106    .text               c_w.l(_printf_dec.o)
    0x08000534   0x00000094   Code   RO         4126    .text               c_w.l(_printf_hex_int_ll_ptr.o)
    0x080005c8   0x00000188   Code   RO         4146    .text               c_w.l(__printf_flags_ss_wp.o)
    0x08000750   0x00000024   Code   RO         4155    .text               c_w.l(strstr.o)
    0x08000774   0x0000003e   Code   RO         4157    .text               c_w.l(strlen.o)
    0x080007b2   0x0000008a   Code   RO         4159    .text               c_w.l(rt_memcpy_v6.o)
    0x0800083c   0x00000010   Code   RO         4163    .text               c_w.l(aeabi_memset.o)
    0x0800084c   0x00000044   Code   RO         4165    .text               c_w.l(rt_memclr.o)
    0x08000890   0x0000004e   Code   RO         4167    .text               c_w.l(rt_memclr_w.o)
    0x080008de   0x00000002   PAD
    0x080008e0   0x00000080   Code   RO         4169    .text               c_w.l(strcmpv7m.o)
    0x08000960   0x00000006   Code   RO         4171    .text               c_w.l(heapauxi.o)
    0x08000966   0x00000002   Code   RO         4195    .text               c_w.l(use_no_semi.o)
    0x08000968   0x0000004e   Code   RO         4198    .text               c_w.l(_printf_pad.o)
    0x080009b6   0x00000024   Code   RO         4200    .text               c_w.l(_printf_truncate.o)
    0x080009da   0x000000b2   Code   RO         4202    .text               c_w.l(_printf_intcommon.o)
    0x08000a8c   0x00000028   Code   RO         4204    .text               c_w.l(_printf_charcount.o)
    0x08000ab4   0x0000041a   Code   RO         4206    .text               c_w.l(_printf_fp_dec.o)
    0x08000ece   0x00000002   PAD
    0x08000ed0   0x00000030   Code   RO         4208    .text               c_w.l(_printf_char_common.o)
    0x08000f00   0x0000000a   Code   RO         4210    .text               c_w.l(_sputc.o)
    0x08000f0a   0x0000002c   Code   RO         4212    .text               c_w.l(_printf_char.o)
    0x08000f36   0x00000002   PAD
    0x08000f38   0x00000024   Code   RO         4214    .text               c_w.l(_printf_char_file.o)
    0x08000f5c   0x000000bc   Code   RO         4216    .text               c_w.l(_printf_wctomb.o)
    0x08001018   0x0000007c   Code   RO         4219    .text               c_w.l(_printf_longlong_dec.o)
    0x08001094   0x00000070   Code   RO         4225    .text               c_w.l(_printf_oct_int_ll.o)
    0x08001104   0x00000064   Code   RO         4245    .text               c_w.l(rt_memcpy_w.o)
    0x08001168   0x00000008   Code   RO         4272    .text               c_w.l(rt_locale_intlibspace.o)
    0x08001170   0x0000008a   Code   RO         4274    .text               c_w.l(lludiv10.o)
    0x080011fa   0x00000002   PAD
    0x080011fc   0x00000080   Code   RO         4276    .text               c_w.l(_printf_fp_infnan.o)
    0x0800127c   0x0000002c   Code   RO         4280    .text               c_w.l(_printf_wchar.o)
    0x080012a8   0x000000dc   Code   RO         4282    .text               c_w.l(bigflt0.o)
    0x08001384   0x00000008   Code   RO         4307    .text               c_w.l(ferror.o)
    0x0800138c   0x00000040   Code   RO         4311    .text               c_w.l(_wcrtomb.o)
    0x080013cc   0x00000008   Code   RO         4320    .text               c_w.l(libspace.o)
    0x080013d4   0x0000004a   Code   RO         4323    .text               c_w.l(sys_stackheap_outer.o)
    0x0800141e   0x00000002   PAD
    0x08001420   0x00000010   Code   RO         4325    .text               c_w.l(rt_ctype_table.o)
    0x08001430   0x0000000c   Code   RO         4327    .text               c_w.l(exit.o)
    0x0800143c   0x0000003e   Code   RO         4285    CL$$btod_d2e        c_w.l(btod.o)
    0x0800147a   0x00000046   Code   RO         4287    CL$$btod_d2e_denorm_low  c_w.l(btod.o)
    0x080014c0   0x00000060   Code   RO         4286    CL$$btod_d2e_norm_op1  c_w.l(btod.o)
    0x08001520   0x00000338   Code   RO         4295    CL$$btod_div_common  c_w.l(btod.o)
    0x08001858   0x000000c6   Code   RO         4292    CL$$btod_e2e        c_w.l(btod.o)
    0x0800191e   0x00000028   Code   RO         4289    CL$$btod_ediv       c_w.l(btod.o)
    0x08001946   0x00000028   Code   RO         4288    CL$$btod_emul       c_w.l(btod.o)
    0x0800196e   0x00000244   Code   RO         4294    CL$$btod_mult_common  c_w.l(btod.o)
    0x08001bb2   0x00000002   Code   RO          339    i.BusFault_Handler  stm32f4xx_it.o
    0x08001bb4   0x00000002   Code   RO          340    i.DebugMon_Handler  stm32f4xx_it.o
    0x08001bb6   0x00000002   PAD
    0x08001bb8   0x0000003c   Code   RO          536    i.EXTI0_IRQHandler  key.o
    0x08001bf4   0x0000003c   Code   RO          537    i.EXTI2_IRQHandler  key.o
    0x08001c30   0x0000003c   Code   RO          538    i.EXTI3_IRQHandler  key.o
    0x08001c6c   0x0000003c   Code   RO          539    i.EXTI4_IRQHandler  key.o
    0x08001ca8   0x0000000c   Code   RO         2119    i.EXTI_ClearITPendingBit  stm32f4xx_exti.o
    0x08001cb4   0x00000014   Code   RO         2123    i.EXTI_GetITStatus  stm32f4xx_exti.o
    0x08001cc8   0x00000070   Code   RO         2124    i.EXTI_Init         stm32f4xx_exti.o
    0x08001d38   0x00000034   Code   RO         1148    i.FLASH_SendByte    flash.o
    0x08001d6c   0x00000058   Code   RO         1149    i.Flash_PageProgram  flash.o
    0x08001dc4   0x0000004c   Code   RO         1150    i.Flash_ReadData    flash.o
    0x08001e10   0x00000040   Code   RO         1151    i.Flash_ReadID      flash.o
    0x08001e50   0x00000024   Code   RO         1152    i.Flash_ReadStatusRegister1  flash.o
    0x08001e74   0x00000048   Code   RO         1153    i.Flash_SectorErase  flash.o
    0x08001ebc   0x00000020   Code   RO         1154    i.Flash_WriteDisable  flash.o
    0x08001edc   0x00000020   Code   RO         1155    i.Flash_WriteEnable  flash.o
    0x08001efc   0x000000f0   Code   RO         1156    i.Flash_config      flash.o
    0x08001fec   0x00000078   Code   RO         1499    i.GPIO_Init         stm32f4xx_gpio.o
    0x08002064   0x00000020   Code   RO         1500    i.GPIO_PinAFConfig  stm32f4xx_gpio.o
    0x08002084   0x0000000e   Code   RO         1505    i.GPIO_ReadOutputDataBit  stm32f4xx_gpio.o
    0x08002092   0x00000004   Code   RO         1507    i.GPIO_SetBits      stm32f4xx_gpio.o
    0x08002096   0x00000002   Code   RO          341    i.HardFault_Handler  stm32f4xx_it.o
    0x08002098   0x00000038   Code   RO         1397    i.IIC_Start         iic.o
    0x080020d0   0x00000030   Code   RO         1398    i.IIC_Stop          iic.o
    0x08002100   0x00000034   Code   RO         1399    i.IIC_Wait_Ack      iic.o
    0x08002134   0x00000010   Code   RO         2783    i.IWDG_Enable       stm32f4xx_iwdg.o
    0x08002144   0x00000010   Code   RO         2785    i.IWDG_ReloadCounter  stm32f4xx_iwdg.o
    0x08002154   0x0000000c   Code   RO         2786    i.IWDG_SetPrescaler  stm32f4xx_iwdg.o
    0x08002160   0x0000000c   Code   RO         2787    i.IWDG_SetReload    stm32f4xx_iwdg.o
    0x0800216c   0x00000024   Code   RO         1128    i.IWDG_Start        iwd.o
    0x08002190   0x0000000c   Code   RO         2788    i.IWDG_WriteAccessCmd  stm32f4xx_iwdg.o
    0x0800219c   0x00000002   Code   RO          342    i.MemManage_Handler  stm32f4xx_it.o
    0x0800219e   0x00000002   Code   RO          343    i.NMI_Handler       stm32f4xx_it.o
    0x080021a0   0x00000016   Code   RO            3    i.NVIC_DisableIRQ   main.o
    0x080021b6   0x00000016   Code   RO            4    i.NVIC_EnableIRQ    main.o
    0x080021cc   0x00000064   Code   RO         1454    i.NVIC_Init         misc.o
    0x08002230   0x00000014   Code   RO         1455    i.NVIC_PriorityGroupConfig  misc.o
    0x08002244   0x0000003a   Code   RO          837    i.OLED_Clear        oled.o
    0x0800227e   0x00000040   Code   RO          840    i.OLED_DrawBMP      oled.o
    0x080022be   0x00000002   PAD
    0x080022c0   0x00000130   Code   RO          841    i.OLED_Init         oled.o
    0x080023f0   0x0000002a   Code   RO          843    i.OLED_Set_Pos      oled.o
    0x0800241a   0x0000000c   Code   RO          848    i.OLED_WR_Byte      oled.o
    0x08002426   0x00000002   PAD
    0x08002428   0x00000018   Code   RO         1596    i.RCC_AHB1PeriphClockCmd  stm32f4xx_rcc.o
    0x08002440   0x00000018   Code   RO         1605    i.RCC_APB1PeriphClockCmd  stm32f4xx_rcc.o
    0x08002458   0x00000018   Code   RO         1608    i.RCC_APB2PeriphClockCmd  stm32f4xx_rcc.o
    0x08002470   0x00000090   Code   RO         1617    i.RCC_GetClocksFreq  stm32f4xx_rcc.o
    0x08002500   0x00000014   Code   RO         2839    i.SPI_Cmd           stm32f4xx_spi.o
    0x08002514   0x0000000e   Code   RO         2847    i.SPI_I2S_GetFlagStatus  stm32f4xx_spi.o
    0x08002522   0x00000004   Code   RO         2850    i.SPI_I2S_ReceiveData  stm32f4xx_spi.o
    0x08002526   0x00000004   Code   RO         2851    i.SPI_I2S_SendData  stm32f4xx_spi.o
    0x0800252a   0x00000038   Code   RO         2852    i.SPI_Init          stm32f4xx_spi.o
    0x08002562   0x00000002   PAD
    0x08002564   0x00000030   Code   RO         2183    i.SYSCFG_EXTILineConfig  stm32f4xx_syscfg.o
    0x08002594   0x000000b4   Code   RO          418    i.SetSysClock       system_stm32f4xx.o
    0x08002648   0x0000002c   Code   RO         4012    i.SysTick_Handler   port.o
    0x08002674   0x0000005c   Code   RO          420    i.SystemInit        system_stm32f4xx.o
    0x080026d0   0x00000014   Code   RO         2238    i.TIM_ARRPreloadConfig  stm32f4xx_tim.o
    0x080026e4   0x00000014   Code   RO         2250    i.TIM_Cmd           stm32f4xx_tim.o
    0x080026f8   0x00000080   Code   RO         2284    i.TIM_OC2Init       stm32f4xx_tim.o
    0x08002778   0x00000014   Code   RO         2287    i.TIM_OC2PreloadConfig  stm32f4xx_tim.o
    0x0800278c   0x00000004   Code   RO         2313    i.TIM_SetCompare2   stm32f4xx_tim.o
    0x08002790   0x0000007c   Code   RO         2322    i.TIM_TimeBaseInit  stm32f4xx_tim.o
    0x0800280c   0x00000060   Code   RO         1293    i.USART1_IRQHandler  usart.o
    0x0800286c   0x00000050   Code   RO         1294    i.USART2_IRQHandler  usart.o
    0x080028bc   0x00000060   Code   RO          637    i.USART3_IRQHandler  esp8266.o
    0x0800291c   0x00000006   Code   RO         1930    i.USART_ClearFlag   stm32f4xx_usart.o
    0x08002922   0x0000000c   Code   RO         1931    i.USART_ClearITPendingBit  stm32f4xx_usart.o
    0x0800292e   0x00000014   Code   RO         1934    i.USART_Cmd         stm32f4xx_usart.o
    0x08002942   0x0000000e   Code   RO         1937    i.USART_GetFlagStatus  stm32f4xx_usart.o
    0x08002950   0x0000003e   Code   RO         1938    i.USART_GetITStatus  stm32f4xx_usart.o
    0x0800298e   0x00000030   Code   RO         1940    i.USART_ITConfig    stm32f4xx_usart.o
    0x080029be   0x00000002   PAD
    0x080029c0   0x000000ac   Code   RO         1941    i.USART_Init        stm32f4xx_usart.o
    0x08002a6c   0x00000008   Code   RO         1948    i.USART_ReceiveData  stm32f4xx_usart.o
    0x08002a74   0x00000008   Code   RO         1951    i.USART_SendData    stm32f4xx_usart.o
    0x08002a7c   0x00000002   Code   RO          344    i.UsageFault_Handler  stm32f4xx_it.o
    0x08002a7e   0x00000002   PAD
    0x08002a80   0x0000005c   Code   RO         1400    i.Write_IIC_Byte    iic.o
    0x08002adc   0x0000002e   Code   RO         1401    i.Write_IIC_Command  iic.o
    0x08002b0a   0x0000002e   Code   RO         1402    i.Write_IIC_Data    iic.o
    0x08002b38   0x00000030   Code   RO         4318    i.__ARM_fpclassify  m_wm.l(fpclassify.o)
    0x08002b68   0x0000000e   Code   RO         4139    i._is_digit         c_w.l(__printf_wp.o)
    0x08002b76   0x00000002   Code   RO         1295    i._sys_exit         usart.o
    0x08002b78   0x00000200   Code   RO            5    i.app_task_esp8266  main.o
    0x08002d78   0x00000430   Code   RO            6    i.app_task_finger   main.o
    0x080031a8   0x000001e8   Code   RO            7    i.app_task_flash    main.o
    0x08003390   0x000001cc   Code   RO            8    i.app_task_init     main.o
    0x0800355c   0x000001c4   Code   RO            9    i.app_task_key      main.o
    0x08003720   0x000000ec   Code   RO           10    i.app_task_key16    main.o
    0x0800380c   0x00000084   Code   RO           11    i.app_task_monitor  main.o
    0x08003890   0x00000150   Code   RO           12    i.app_task_mqtt     main.o
    0x080039e0   0x00000168   Code   RO           13    i.app_task_oled     main.o
    0x08003b48   0x00000040   Code   RO           14    i.app_task_steer    main.o
    0x08003b88   0x00000018   Code   RO         1032    i.bcc_check         sfm.o
    0x08003ba0   0x00000040   Code   RO          605    i.beep_init         beep.o
    0x08003be0   0x00000010   Code   RO          606    i.beep_off          beep.o
    0x08003bf0   0x00000010   Code   RO          607    i.beep_on           beep.o
    0x08003c00   0x00000004   Code   RO         1249    i.delay_ms          delay.o
    0x08003c04   0x00000050   Code   RO         1250    i.delay_us          delay.o
    0x08003c54   0x00000030   Code   RO           15    i.dgb_printf_safe   main.o
    0x08003c84   0x0000003c   Code   RO          508    i.dht11_init        dht11.o
    0x08003cc0   0x0000015c   Code   RO          509    i.dht11_read        dht11.o
    0x08003e1c   0x000000ac   Code   RO          639    i.esp8266_connect_ap  esp8266.o
    0x08003ec8   0x000000b0   Code   RO          640    i.esp8266_connect_server  esp8266.o
    0x08003f78   0x00000038   Code   RO          643    i.esp8266_enable_echo  esp8266.o
    0x08003fb0   0x00000064   Code   RO          645    i.esp8266_entry_transparent_transmission  esp8266.o
    0x08004014   0x00000020   Code   RO          646    i.esp8266_exit_transparent_transmission  esp8266.o
    0x08004034   0x00000030   Code   RO          647    i.esp8266_find_str_in_rx_packet  esp8266.o
    0x08004064   0x00000008   Code   RO          648    i.esp8266_init      esp8266.o
    0x0800406c   0x000003fc   Code   RO          761    i.esp8266_mqtt_init  esp8266_mqtt.o
    0x08004468   0x0000002c   Code   RO          649    i.esp8266_reset     esp8266.o
    0x08004494   0x00000028   Code   RO          651    i.esp8266_send_at   esp8266.o
    0x080044bc   0x00000004   Code   RO          652    i.esp8266_send_bytes  esp8266.o
    0x080044c0   0x00000014   Code   RO         1296    i.fputc             usart.o
    0x080044d4   0x0000014c   Code   RO         1214    i.get_key_board     matrixkey.o
    0x08004620   0x000000cc   Code   RO         1215    i.key_board_init    matrixkey.o
    0x080046ec   0x000000f8   Code   RO          540    i.key_init          key.o
    0x080047e4   0x00000038   Code   RO          541    i.key_sta_get       key.o
    0x0800481c   0x000000ac   Code   RO          455    i.led_init          led.o
    0x080048c8   0x00000094   Code   RO           16    i.main              main.o
    0x0800495c   0x00000194   Code   RO          762    i.mqtt_connect      esp8266_mqtt.o
    0x08004af0   0x000000b8   Code   RO          765    i.mqtt_publish_data  esp8266_mqtt.o
    0x08004ba8   0x00000108   Code   RO          766    i.mqtt_report_devices_status  esp8266_mqtt.o
    0x08004cb0   0x00000004   Code   RO          767    i.mqtt_send_bytes   esp8266_mqtt.o
    0x08004cb4   0x0000000c   Code   RO          768    i.mqtt_send_heart   esp8266_mqtt.o
    0x08004cc0   0x000000f4   Code   RO          769    i.mqtt_subscribe_topic  esp8266_mqtt.o
    0x08004db4   0x00000070   Code   RO         3502    i.prvAddCurrentTaskToDelayedList  tasks.o
    0x08004e24   0x000000d0   Code   RO         3503    i.prvAddNewTaskToReadyList  tasks.o
    0x08004ef4   0x00000050   Code   RO         3832    i.prvCheckForValidListAndQueue  timers.o
    0x08004f44   0x00000026   Code   RO         3154    i.prvCopyDataFromQueue  queue.o
    0x08004f6a   0x0000006c   Code   RO         3155    i.prvCopyDataToQueue  queue.o
    0x08004fd6   0x00000014   Code   RO         3504    i.prvDeleteTCB      tasks.o
    0x08004fea   0x00000002   PAD
    0x08004fec   0x0000004c   Code   RO         3962    i.prvHeapInit       heap_4.o
    0x08005038   0x00000060   Code   RO         3505    i.prvIdleTask       tasks.o
    0x08005098   0x0000009c   Code   RO         3506    i.prvInitialiseNewTask  tasks.o
    0x08005134   0x0000004c   Code   RO         3963    i.prvInsertBlockIntoFreeList  heap_4.o
    0x08005180   0x00000038   Code   RO         3833    i.prvInsertTimerInActiveList  timers.o
    0x080051b8   0x0000001a   Code   RO         3156    i.prvIsQueueEmpty   queue.o
    0x080051d2   0x00000002   PAD
    0x080051d4   0x000000c4   Code   RO         3834    i.prvProcessReceivedCommands  timers.o
    0x08005298   0x000000b4   Code   RO         3835    i.prvProcessTimerOrBlockTask  timers.o
    0x0800534c   0x00000020   Code   RO         3508    i.prvResetNextTaskUnblockTime  tasks.o
    0x0800536c   0x00000028   Code   RO         3836    i.prvSampleTimeNow  timers.o
    0x08005394   0x0000006c   Code   RO         3837    i.prvSwitchTimerLists  timers.o
    0x08005400   0x00000028   Code   RO         4013    i.prvTaskExitError  port.o
    0x08005428   0x00000034   Code   RO         3509    i.prvTaskIsTaskSuspended  tasks.o
    0x0800545c   0x00000014   Code   RO         3004    i.prvTestWaitCondition  event_groups.o
    0x08005470   0x00000028   Code   RO         3838    i.prvTimerTask      timers.o
    0x08005498   0x0000006a   Code   RO         3157    i.prvUnlockQueue    queue.o
    0x08005502   0x00000002   PAD
    0x08005504   0x000000dc   Code   RO         3964    i.pvPortMalloc      heap_4.o
    0x080055e0   0x00000018   Code   RO         3510    i.pvTaskIncrementMutexHeldCount  tasks.o
    0x080055f8   0x0000002c   Code   RO         4014    i.pxPortInitialiseStack  port.o
    0x08005624   0x00000034   Code   RO          851    i.sda_pin_mode      oled.o
    0x08005658   0x00000094   Code   RO         1033    i.sfm_compare_users  sfm.o
    0x080056ec   0x0000008c   Code   RO         1034    i.sfm_ctrl_led      sfm.o
    0x08005778   0x00000084   Code   RO         1036    i.sfm_del_user_all  sfm.o
    0x080057fc   0x00000108   Code   RO         1037    i.sfm_error_code    sfm.o
    0x08005904   0x00000090   Code   RO         1038    i.sfm_get_unused_id  sfm.o
    0x08005994   0x0000008c   Code   RO         1039    i.sfm_get_user_total  sfm.o
    0x08005a20   0x0000001c   Code   RO         1040    i.sfm_init          sfm.o
    0x08005a3c   0x00000174   Code   RO         1041    i.sfm_reg_user      sfm.o
    0x08005bb0   0x00000084   Code   RO         1042    i.sfm_touch_check   sfm.o
    0x08005c34   0x00000038   Code   RO         1043    i.sfm_touch_init    sfm.o
    0x08005c6c   0x000000b0   Code   RO          988    i.sg_angle          pwm.o
    0x08005d1c   0x0000009c   Code   RO          989    i.sg_init           pwm.o
    0x08005db8   0x000000d0   Code   RO         1297    i.usart1_init       usart.o
    0x08005e88   0x0000009c   Code   RO         1298    i.usart2_init       usart.o
    0x08005f24   0x000000a0   Code   RO         1299    i.usart3_init       usart.o
    0x08005fc4   0x0000002c   Code   RO         1300    i.usart3_send_bytes  usart.o
    0x08005ff0   0x00000028   Code   RO         1301    i.usart3_send_str   usart.o
    0x08006018   0x0000002e   Code   RO         1302    i.usart_send_bytes  usart.o
    0x08006046   0x00000026   Code   RO         3114    i.uxListRemove      list.o
    0x0800606c   0x00000018   Code   RO         3517    i.uxTaskResetEventItemValue  tasks.o
    0x08006084   0x00000002   Code   RO           17    i.vApplicationIdleHook  main.o
    0x08006086   0x00000010   Code   RO           18    i.vApplicationMallocFailedHook  main.o
    0x08006096   0x00000010   Code   RO           19    i.vApplicationStackOverflowHook  main.o
    0x080060a6   0x00000002   Code   RO           20    i.vApplicationTickHook  main.o
    0x080060a8   0x00000004   Code   RO         3008    i.vEventGroupSetBitsCallback  event_groups.o
    0x080060ac   0x00000016   Code   RO         3115    i.vListInitialise   list.o
    0x080060c2   0x00000006   Code   RO         3116    i.vListInitialiseItem  list.o
    0x080060c8   0x00000030   Code   RO         3117    i.vListInsert       list.o
    0x080060f8   0x00000018   Code   RO         3118    i.vListInsertEnd    list.o
    0x08006110   0x00000040   Code   RO         4016    i.vPortEnterCritical  port.o
    0x08006150   0x00000028   Code   RO         4017    i.vPortExitCritical  port.o
    0x08006178   0x0000005c   Code   RO         3965    i.vPortFree         heap_4.o
    0x080061d4   0x00000024   Code   RO         4018    i.vPortSetupTimerInterrupt  port.o
    0x080061f8   0x00000054   Code   RO         4019    i.vPortValidateInterruptPriority  port.o
    0x0800624c   0x00000024   Code   RO         3163    i.vQueueAddToRegistry  queue.o
    0x08006270   0x00000044   Code   RO         3167    i.vQueueWaitForMessageRestricted  queue.o
    0x080062b4   0x0000004c   Code   RO         3518    i.vTaskDelay        tasks.o
    0x08006300   0x000000ac   Code   RO         3520    i.vTaskDelete       tasks.o
    0x080063ac   0x00000010   Code   RO         3523    i.vTaskInternalSetTimeOutState  tasks.o
    0x080063bc   0x0000000c   Code   RO         3524    i.vTaskMissedYield  tasks.o
    0x080063c8   0x00000030   Code   RO         3526    i.vTaskPlaceOnEventList  tasks.o
    0x080063f8   0x00000038   Code   RO         3527    i.vTaskPlaceOnEventListRestricted  tasks.o
    0x08006430   0x0000004c   Code   RO         3528    i.vTaskPlaceOnUnorderedEventList  tasks.o
    0x0800647c   0x000000ac   Code   RO         3529    i.vTaskPriorityDisinheritAfterTimeout  tasks.o
    0x08006528   0x00000070   Code   RO         3531    i.vTaskRemoveFromUnorderedEventList  tasks.o
    0x08006598   0x0000007c   Code   RO         3532    i.vTaskResume       tasks.o
    0x08006614   0x00000070   Code   RO         3535    i.vTaskStartScheduler  tasks.o
    0x08006684   0x000000bc   Code   RO         3536    i.vTaskSuspend      tasks.o
    0x08006740   0x00000010   Code   RO         3537    i.vTaskSuspendAll   tasks.o
    0x08006750   0x00000088   Code   RO         3538    i.vTaskSwitchContext  tasks.o
    0x080067d8   0x0000001a   Code   RO         3012    i.xEventGroupCreate  event_groups.o
    0x080067f2   0x0000008c   Code   RO         3014    i.xEventGroupSetBits  event_groups.o
    0x0800687e   0x00000002   PAD
    0x08006880   0x00000010   Code   RO         3015    i.xEventGroupSetBitsFromISR  event_groups.o
    0x08006890   0x00000108   Code   RO         3017    i.xEventGroupWaitBits  event_groups.o
    0x08006998   0x000000f4   Code   RO         4020    i.xPortStartScheduler  port.o
    0x08006a8c   0x00000024   Code   RO         3169    i.xQueueCreateMutex  queue.o
    0x08006ab0   0x00000052   Code   RO         3170    i.xQueueGenericCreate  queue.o
    0x08006b02   0x00000002   PAD
    0x08006b04   0x00000088   Code   RO         3171    i.xQueueGenericReset  queue.o
    0x08006b8c   0x00000164   Code   RO         3172    i.xQueueGenericSend  queue.o
    0x08006cf0   0x000000bc   Code   RO         3173    i.xQueueGenericSendFromISR  queue.o
    0x08006dac   0x00000138   Code   RO         3180    i.xQueueReceive     queue.o
    0x08006ee4   0x00000178   Code   RO         3182    i.xQueueSemaphoreTake  queue.o
    0x0800705c   0x00000074   Code   RO         3539    i.xTaskCheckForTimeOut  tasks.o
    0x080070d0   0x00000056   Code   RO         3540    i.xTaskCreate       tasks.o
    0x08007126   0x00000002   PAD
    0x08007128   0x0000001c   Code   RO         3544    i.xTaskGetSchedulerState  tasks.o
    0x08007144   0x0000000c   Code   RO         3545    i.xTaskGetTickCount  tasks.o
    0x08007150   0x000000c0   Code   RO         3547    i.xTaskIncrementTick  tasks.o
    0x08007210   0x00000098   Code   RO         3550    i.xTaskPriorityDisinherit  tasks.o
    0x080072a8   0x00000094   Code   RO         3551    i.xTaskPriorityInherit  tasks.o
    0x0800733c   0x00000078   Code   RO         3552    i.xTaskRemoveFromEventList  tasks.o
    0x080073b4   0x000000c4   Code   RO         3553    i.xTaskResumeAll    tasks.o
    0x08007478   0x0000004c   Code   RO         3844    i.xTimerCreateTimerTask  timers.o
    0x080074c4   0x00000064   Code   RO         3845    i.xTimerGenericCommand  timers.o
    0x08007528   0x00000028   Code   RO         3851    i.xTimerPendFunctionCallFromISR  timers.o
    0x08007550   0x0000002c   Code   RO         4314    locale$$code        c_w.l(lc_numeric_c.o)
    0x0800757c   0x0000002c   Code   RO         4383    locale$$code        c_w.l(lc_ctype_c.o)
    0x080075a8   0x000002b0   Code   RO         4176    x$fpl$ddiv          fz_wm.l(ddiv.o)
    0x08007858   0x0000005a   Code   RO         4179    x$fpl$dfixu         fz_wm.l(dfixu.o)
    0x080078b2   0x00000026   Code   RO         4183    x$fpl$dfltu         fz_wm.l(dflt_clz.o)
    0x080078d8   0x00000154   Code   RO         4189    x$fpl$dmul          fz_wm.l(dmul.o)
    0x08007a2c   0x0000009c   Code   RO         4247    x$fpl$dnaninf       fz_wm.l(dnaninf.o)
    0x08007ac8   0x0000000c   Code   RO         4249    x$fpl$dretinf       fz_wm.l(dretinf.o)
    0x08007ad4   0x00000056   Code   RO         4191    x$fpl$f2d           fz_wm.l(f2d.o)
    0x08007b2a   0x0000008c   Code   RO         4251    x$fpl$fnaninf       fz_wm.l(fnaninf.o)
    0x08007bb6   0x0000000a   Code   RO         4387    x$fpl$fpinit        fz_wm.l(fpinit.o)
    0x08007bc0   0x00000004   Code   RO         4193    x$fpl$printf1       fz_wm.l(printf1.o)
    0x08007bc4   0x00000000   Code   RO         4253    x$fpl$usenofp       fz_wm.l(usenofp.o)
    0x08007bc4   0x00000004   Data   RO          772    .constdata          esp8266_mqtt.o
    0x08007bc8   0x00000028   Data   RO         4127    .constdata          c_w.l(_printf_hex_int_ll_ptr.o)
    0x08007bf0   0x00000011   Data   RO         4147    .constdata          c_w.l(__printf_flags_ss_wp.o)
    0x08007c01   0x00000003   PAD
    0x08007c04   0x00000008   Data   RO         4217    .constdata          c_w.l(_printf_wctomb.o)
    0x08007c0c   0x00000094   Data   RO         4283    .constdata          c_w.l(bigflt0.o)
    0x08007ca0   0x00000041   Data   RO           22    .conststring        main.o
    0x08007ce1   0x00000003   PAD
    0x08007ce4   0x000000df   Data   RO          775    .conststring        esp8266_mqtt.o
    0x08007dc3   0x00000001   PAD
    0x08007dc4   0x00000020   Data   RO         4457    Region$$Table       anon$$obj.o
    0x08007de4   0x0000001c   Data   RO         4313    locale$$data        c_w.l(lc_numeric_c.o)
    0x08007e00   0x00000110   Data   RO         4382    locale$$data        c_w.l(lc_ctype_c.o)


    Execution Region RW_IRAM1 (Base: 0x20000000, Size: 0x00016ab8, Max: 0x00020000, ABSOLUTE, COMPRESSED[0x00000698])

    Base Addr    Size         Type   Attr      Idx    E Section Name        Object

    0x20000000   0x00000058   Data   RW           23    .data               main.o
    0x20000058   0x00000014   Data   RW          421    .data               system_stm32f4xx.o
    0x2000006c   0x00000008   Data   RW          510    .data               dht11.o
    0x20000074   0x00000004   Data   RW          656    .data               esp8266.o
    0x20000078   0x00000008   Data   RW          776    .data               esp8266_mqtt.o
    0x20000080   0x00000400   Data   RW          854    .data               oled.o
    0x20000480   0x00000400   Data   RW          855    .data               oled.o
    0x20000880   0x000001c0   Data   RW          857    .data               oled.o
    0x20000a40   0x000001c0   Data   RW          858    .data               oled.o
    0x20000c00   0x000001f8   Data   RW          859    .data               oled.o
    0x20000df8   0x00000200   Data   RW          860    .data               oled.o
    0x20000ff8   0x00000008   Data   RW          861    .data               oled.o
    0x20001000   0x0000000c   Data   RW          992    .data               pwm.o
    0x2000100c   0x00000014   Data   RW         1309    .data               usart.o
    0x20001020   0x00000004   Data   RW         1312    .data               usart.o
    0x20001024   0x00000010   Data   RW         1649    .data               stm32f4xx_rcc.o
    0x20001034   0x0000003c   Data   RW         3556    .data               tasks.o
    0x20001070   0x00000014   Data   RW         3853    .data               timers.o
    0x20001084   0x00000018   Data   RW         3970    .data               heap_4.o
    0x2000109c   0x0000000c   Data   RW         4021    .data               port.o
    0x200010a8   0x00000024   Zero   RW           21    .bss                main.o
    0x200010cc   0x00000200   Zero   RW          654    .bss                esp8266.o
    0x200012cc   0x00000200   Zero   RW          655    .bss                esp8266.o
    0x200014cc   0x0000020e   Zero   RW          770    .bss                esp8266_mqtt.o
    0x200016da   0x00000002   PAD
    0x200016dc   0x00000020   Zero   RW          990    .bss                pwm.o
    0x200016fc   0x00000210   Zero   RW         1305    .bss                usart.o
    0x2000190c   0x00000040   Zero   RW         3184    .bss                queue.o
    0x2000194c   0x000002e4   Zero   RW         3555    .bss                tasks.o
    0x20001c30   0x00000028   Zero   RW         3852    .bss                timers.o
    0x20001c58   0x00012c00   Zero   RW         3969    .bss                heap_4.o
    0x20014858   0x00000060   Zero   RW         4321    .bss                c_w.l(libspace.o)
    0x200148b8   0x00000200   Zero   RW         1446    HEAP                startup_stm32f40_41xxx.o
    0x20014ab8   0x00002000   Zero   RW         1445    STACK               startup_stm32f40_41xxx.o


==============================================================================

Image component sizes


      Code (inc. data)   RO Data    RW Data    ZI Data      Debug   Object Name

        96         22          0          0          0       1441   beep.o
        84          8          0          0          0       1110   delay.o
       408         24          0          8          0       2002   dht11.o
       776        210          0          4       1024       7565   esp8266.o
      2132        882        227          8        526       6572   esp8266_mqtt.o
       470         10          0          0          0      13864   event_groups.o
       692         52          0          0          0       5561   flash.o
       464         22          0         24      76800       3979   heap_4.o
       340         16          0          0          0       3604   iic.o
        36          0          0          0          0        501   iwd.o
       544         40          0          0          0       6689   key.o
       172         14          0          0          0       6239   led.o
       138          0          0          0          0       3038   list.o
      4388       1514         65         88         36     349010   main.o
       536         44          0          0          0       1725   matrixkey.o
       120         14          0          0          0       1415   misc.o
       532         28          0       3968          0       6480   oled.o
       786         80          0         12          0      10773   port.o
       332         60          0         12         32       1699   pwm.o
      1868         22          0          0         64      13744   queue.o
      1580        304          0          0          0       7537   sfm.o
        64         26        392          0       8704        836   startup_stm32f40_41xxx.o
       144         14          0          0          0       2016   stm32f4xx_exti.o
       170          0          0          0          0       2683   stm32f4xx_gpio.o
        12          0          0          0          0       2673   stm32f4xx_it.o
        68         30          0          0          0       2462   stm32f4xx_iwdg.o
       216         30          0         16          0       4459   stm32f4xx_rcc.o
        98          0          0          0          0       3238   stm32f4xx_spi.o
        48          6          0          0          0        600   stm32f4xx_syscfg.o
       316         36          0          0          0       4954   stm32f4xx_tim.o
       350          8          0          0          0       6013   stm32f4xx_usart.o
       272         36          0         20          0       1741   system_stm32f4xx.o
      3090        256          0         60        740      26589   tasks.o
       916         90          0         20         40       9075   timers.o
       852         90          0         24        528       8173   usart.o

    ----------------------------------------------------------------------
     23136       3988        720       4264      88496     530060   Object Totals
         0          0         32          0          0          0   (incl. Generated)
        26          0          4          0          2          0   (incl. Padding)

    ----------------------------------------------------------------------

      Code (inc. data)   RO Data    RW Data    ZI Data      Debug   Library Member Name

        24          4          0          0          0         84   __2printf.o
        44          6          0          0          0         84   __2sprintf.o
        90          0          0          0          0          0   __dczerorl2.o
         8          0          0          0          0         68   __main.o
       392          4         17          0          0         92   __printf_flags_ss_wp.o
        14          0          0          0          0         68   __printf_wp.o
         0          0          0          0          0          0   __rtentry.o
        12          0          0          0          0          0   __rtentry2.o
         6          0          0          0          0          0   __rtentry4.o
        52          8          0          0          0          0   __scatter.o
        28          0          0          0          0          0   __scatter_zi.o
         6          0          0          0          0          0   _printf_a.o
         6          0          0          0          0          0   _printf_c.o
        44          0          0          0          0        108   _printf_char.o
        48          6          0          0          0         96   _printf_char_common.o
        36          4          0          0          0         80   _printf_char_file.o
        40          0          0          0          0         68   _printf_charcount.o
         6          0          0          0          0          0   _printf_d.o
       120         16          0          0          0         92   _printf_dec.o
         6          0          0          0          0          0   _printf_e.o
         6          0          0          0          0          0   _printf_f.o
      1050          0          0          0          0        216   _printf_fp_dec.o
       128         16          0          0          0         84   _printf_fp_infnan.o
         6          0          0          0          0          0   _printf_g.o
       148          4         40          0          0        160   _printf_hex_int_ll_ptr.o
         6          0          0          0          0          0   _printf_i.o
       178          0          0          0          0         88   _printf_intcommon.o
        10          0          0          0          0          0   _printf_l.o
         6          0          0          0          0          0   _printf_lc.o
        10          0          0          0          0          0   _printf_ll.o
         6          0          0          0          0          0   _printf_lld.o
         6          0          0          0          0          0   _printf_lli.o
         6          0          0          0          0          0   _printf_llo.o
         6          0          0          0          0          0   _printf_llu.o
         6          0          0          0          0          0   _printf_llx.o
       124         16          0          0          0         92   _printf_longlong_dec.o
         6          0          0          0          0          0   _printf_ls.o
         6          0          0          0          0          0   _printf_n.o
         6          0          0          0          0          0   _printf_o.o
       112          8          0          0          0        124   _printf_oct_int_ll.o
         6          0          0          0          0          0   _printf_p.o
        78          0          0          0          0        108   _printf_pad.o
         0          0          0          0          0          0   _printf_percent.o
         4          0          0          0          0          0   _printf_percent_end.o
         6          0          0          0          0          0   _printf_s.o
        82          0          0          0          0         80   _printf_str.o
        36          0          0          0          0         84   _printf_truncate.o
         6          0          0          0          0          0   _printf_u.o
        44          0          0          0          0        108   _printf_wchar.o
       188          6          8          0          0         92   _printf_wctomb.o
         6          0          0          0          0          0   _printf_x.o
        10          0          0          0          0         68   _sputc.o
        64          0          0          0          0         92   _wcrtomb.o
        16          0          0          0          0         68   aeabi_memset.o
       220          4        148          0          0         96   bigflt0.o
      1910        128          0          0          0        672   btod.o
        12          4          0          0          0         68   c89vprintf.o
        12          0          0          0          0         72   exit.o
         8          0          0          0          0         68   ferror.o
         6          0          0          0          0        152   heapauxi.o
        44         10        272          0          0         76   lc_ctype_c.o
        44         10         28          0          0         76   lc_numeric_c.o
         2          0          0          0          0          0   libinit.o
        34          0          0          0          0          0   libinit2.o
         2          0          0          0          0          0   libshutdown.o
         2          0          0          0          0          0   libshutdown2.o
         8          4          0          0         96         68   libspace.o
       138          0          0          0          0         80   lludiv10.o
        16          4          0          0          0         76   rt_ctype_table.o
         8          4          0          0          0         68   rt_locale_intlibspace.o
        68          0          0          0          0         68   rt_memclr.o
        78          0          0          0          0         80   rt_memclr_w.o
       138          0          0          0          0         68   rt_memcpy_v6.o
       100          0          0          0          0         80   rt_memcpy_w.o
         2          0          0          0          0          0   rtexit.o
        10          0          0          0          0          0   rtexit2.o
       128          0          0          0          0         68   strcmpv7m.o
        62          0          0          0          0         76   strlen.o
        36          0          0          0          0         80   strstr.o
        74          0          0          0          0         80   sys_stackheap_outer.o
         2          0          0          0          0         68   use_no_semi.o
         2          0          0          0          0         68   use_no_semi_2.o
       688        140          0          0          0        256   ddiv.o
        90          4          0          0          0        140   dfixu.o
        38          0          0          0          0        116   dflt_clz.o
       340         12          0          0          0        152   dmul.o
       156          4          0          0          0        140   dnaninf.o
        12          0          0          0          0        116   dretinf.o
        86          4          0          0          0        132   f2d.o
       140          4          0          0          0        132   fnaninf.o
        10          0          0          0          0        116   fpinit.o
         4          0          0          0          0        116   printf1.o
         0          0          0          0          0          0   usenofp.o
        48          0          0          0          0        124   fpclassify.o

    ----------------------------------------------------------------------
      8156        434        516          0         96       6152   Library Totals
        18          0          3          0          0          0   (incl. Padding)

    ----------------------------------------------------------------------

      Code (inc. data)   RO Data    RW Data    ZI Data      Debug   Library Name

      6526        266        513          0         96       4612   c_w.l
      1564        168          0          0          0       1416   fz_wm.l
        48          0          0          0          0        124   m_wm.l

    ----------------------------------------------------------------------
      8156        434        516          0         96       6152   Library Totals

    ----------------------------------------------------------------------

==============================================================================


      Code (inc. data)   RO Data    RW Data    ZI Data      Debug   

     31292       4422       1236       4264      88592     511012   Grand Totals
     31292       4422       1236       1688      88592     511012   ELF Image Totals (compressed)
     31292       4422       1236       1688          0          0   ROM Totals

==============================================================================

    Total RO  Size (Code + RO Data)                32528 (  31.77kB)
    Total RW  Size (RW Data + ZI Data)             92856 (  90.68kB)
    Total ROM Size (Code + RO Data + RW Data)      34216 (  33.41kB)

==============================================================================

